Archive member included to satisfy reference by file (symbol)

/home/aloysius/xsdk/raspberry-pi-pico/gcc-arm-none-eabi-10.3-2021.10/bin/../lib/gcc/arm-none-eabi/10.3.1/../../../../arm-none-eabi/lib/thumb/v8-m.main+fp/softfp/libm.a(lib_a-wf_sqrt.o)
                              CMakeFiles/test.dir/home/aloysius/xsdk/raspberry-pi-pico-2024-11-30-SDKv2.1.0/pico-sdk/src/rp2_common/pico_float/float_math.c.o (sqrtf)
/home/aloysius/xsdk/raspberry-pi-pico/gcc-arm-none-eabi-10.3-2021.10/bin/../lib/gcc/arm-none-eabi/10.3.1/../../../../arm-none-eabi/lib/thumb/v8-m.main+fp/softfp/libm.a(lib_a-ef_sqrt.o)
                              /home/aloysius/xsdk/raspberry-pi-pico/gcc-arm-none-eabi-10.3-2021.10/bin/../lib/gcc/arm-none-eabi/10.3.1/../../../../arm-none-eabi/lib/thumb/v8-m.main+fp/softfp/libm.a(lib_a-wf_sqrt.o) (__ieee754_sqrtf)
/home/aloysius/xsdk/raspberry-pi-pico/gcc-arm-none-eabi-10.3-2021.10/bin/../lib/gcc/arm-none-eabi/10.3.1/thumb/v8-m.main+fp/softfp/libgcc.a(_arm_addsubdf3.o)
                              CMakeFiles/test.dir/home/aloysius/xsdk/raspberry-pi-pico-2024-11-30-SDKv2.1.0/pico-sdk/src/rp2_common/pico_float/float_math.c.o (__aeabi_f2d)
/home/aloysius/xsdk/raspberry-pi-pico/gcc-arm-none-eabi-10.3-2021.10/bin/../lib/gcc/arm-none-eabi/10.3.1/thumb/v8-m.main+fp/softfp/libgcc.a(_aeabi_ldivmod.o)
                              CMakeFiles/test.dir/home/aloysius/xsdk/raspberry-pi-pico-2024-11-30-SDKv2.1.0/pico-sdk/src/common/pico_time/time.c.o (__aeabi_ldivmod)
/home/aloysius/xsdk/raspberry-pi-pico/gcc-arm-none-eabi-10.3-2021.10/bin/../lib/gcc/arm-none-eabi/10.3.1/thumb/v8-m.main+fp/softfp/libgcc.a(_aeabi_uldivmod.o)
                              CMakeFiles/test.dir/home/aloysius/xsdk/raspberry-pi-pico-2024-11-30-SDKv2.1.0/pico-sdk/src/rp2_common/hardware_clocks/clocks.c.o (__aeabi_uldivmod)
/home/aloysius/xsdk/raspberry-pi-pico/gcc-arm-none-eabi-10.3-2021.10/bin/../lib/gcc/arm-none-eabi/10.3.1/thumb/v8-m.main+fp/softfp/libgcc.a(_udivmoddi4.o)
                              /home/aloysius/xsdk/raspberry-pi-pico/gcc-arm-none-eabi-10.3-2021.10/bin/../lib/gcc/arm-none-eabi/10.3.1/thumb/v8-m.main+fp/softfp/libgcc.a(_aeabi_ldivmod.o) (__udivmoddi4)
/home/aloysius/xsdk/raspberry-pi-pico/gcc-arm-none-eabi-10.3-2021.10/bin/../lib/gcc/arm-none-eabi/10.3.1/thumb/v8-m.main+fp/softfp/libgcc.a(_dvmd_tls.o)
                              /home/aloysius/xsdk/raspberry-pi-pico/gcc-arm-none-eabi-10.3-2021.10/bin/../lib/gcc/arm-none-eabi/10.3.1/thumb/v8-m.main+fp/softfp/libgcc.a(_aeabi_ldivmod.o) (__aeabi_ldiv0)
/home/aloysius/xsdk/raspberry-pi-pico/gcc-arm-none-eabi-10.3-2021.10/bin/../lib/gcc/arm-none-eabi/10.3.1/../../../../arm-none-eabi/lib/thumb/v8-m.main+fp/softfp/libg.a(lib_a-calloc.o)
                              CMakeFiles/test.dir/home/aloysius/xsdk/raspberry-pi-pico-2024-11-30-SDKv2.1.0/pico-sdk/src/rp2_common/pico_malloc/malloc.c.o (calloc)
/home/aloysius/xsdk/raspberry-pi-pico/gcc-arm-none-eabi-10.3-2021.10/bin/../lib/gcc/arm-none-eabi/10.3.1/../../../../arm-none-eabi/lib/thumb/v8-m.main+fp/softfp/libg.a(lib_a-callocr.o)
                              /home/aloysius/xsdk/raspberry-pi-pico/gcc-arm-none-eabi-10.3-2021.10/bin/../lib/gcc/arm-none-eabi/10.3.1/../../../../arm-none-eabi/lib/thumb/v8-m.main+fp/softfp/libg.a(lib_a-calloc.o) (_calloc_r)
/home/aloysius/xsdk/raspberry-pi-pico/gcc-arm-none-eabi-10.3-2021.10/bin/../lib/gcc/arm-none-eabi/10.3.1/../../../../arm-none-eabi/lib/thumb/v8-m.main+fp/softfp/libg.a(lib_a-errno.o)
                              /home/aloysius/xsdk/raspberry-pi-pico/gcc-arm-none-eabi-10.3-2021.10/bin/../lib/gcc/arm-none-eabi/10.3.1/../../../../arm-none-eabi/lib/thumb/v8-m.main+fp/softfp/libm.a(lib_a-wf_sqrt.o) (__errno)
/home/aloysius/xsdk/raspberry-pi-pico/gcc-arm-none-eabi-10.3-2021.10/bin/../lib/gcc/arm-none-eabi/10.3.1/../../../../arm-none-eabi/lib/thumb/v8-m.main+fp/softfp/libg.a(lib_a-impure.o)
                              /home/aloysius/xsdk/raspberry-pi-pico/gcc-arm-none-eabi-10.3-2021.10/bin/../lib/gcc/arm-none-eabi/10.3.1/../../../../arm-none-eabi/lib/thumb/v8-m.main+fp/softfp/libg.a(lib_a-calloc.o) (_impure_ptr)
/home/aloysius/xsdk/raspberry-pi-pico/gcc-arm-none-eabi-10.3-2021.10/bin/../lib/gcc/arm-none-eabi/10.3.1/../../../../arm-none-eabi/lib/thumb/v8-m.main+fp/softfp/libg.a(lib_a-init.o)
                              /home/aloysius/xsdk/raspberry-pi-pico/gcc-arm-none-eabi-10.3-2021.10/bin/../lib/gcc/arm-none-eabi/10.3.1/../../../../arm-none-eabi/lib/thumb/v8-m.main+fp/softfp/crt0.o (__libc_init_array)
/home/aloysius/xsdk/raspberry-pi-pico/gcc-arm-none-eabi-10.3-2021.10/bin/../lib/gcc/arm-none-eabi/10.3.1/../../../../arm-none-eabi/lib/thumb/v8-m.main+fp/softfp/libg.a(lib_a-lcltime_r.o)
                              CMakeFiles/test.dir/home/aloysius/xsdk/raspberry-pi-pico-2024-11-30-SDKv2.1.0/pico-sdk/src/common/pico_util/datetime.c.o (localtime_r)
[...]
Memory Configuration

Name             Origin             Length             Attributes
FLASH            0x0000000010000000 0x0000000000400000 xr
RAM              0x0000000020000000 0x0000000000080000 xrw
SCRATCH_X        0x0000000020080000 0x0000000000001000 xrw
SCRATCH_Y        0x0000000020081000 0x0000000000001000 xrw
*default*        0x0000000000000000 0xffffffffffffffff

Linker script and memory map

LOAD /home/aloysius/xsdk/raspberry-pi-pico/gcc-arm-none-eabi-10.3-2021.10/bin/../lib/gcc/arm-none-eabi/10.3.1/thumb/v8-m.main+fp/softfp/crti.o
LOAD /home/aloysius/xsdk/raspberry-pi-pico/gcc-arm-none-eabi-10.3-2021.10/bin/../lib/gcc/arm-none-eabi/10.3.1/thumb/v8-m.main+fp/softfp/crtbegin.o
LOAD /home/aloysius/xsdk/raspberry-pi-pico/gcc-arm-none-eabi-10.3-2021.10/bin/../lib/gcc/arm-none-eabi/10.3.1/../../../../arm-none-eabi/lib/thumb/v8-m.main+fp/softfp/crt0.o

.flash_begin    0x0000000010000000        0x0
                0x0000000010000000                __flash_binary_start = .

.text           0x0000000010000000     0x4490
                0x0000000010000000                __logical_binary_start = .
 *(.vectors)
 .vectors       0x0000000010000000      0x124 CMakeFiles/test.dir/home/aloysius/xsdk/raspberry-pi-pico-2024-11-30-SDKv2.1.0/pico-sdk/src/rp2_common/pico_crt0/crt0.S.o
                0x0000000010000000                __vectors
                0x0000000010000000                __VECTOR_TABLE
                0x0000000010000110                isr_invalid
                0x0000000010000110                __default_isrs_start
                0x0000000010000112                isr_nmi
                0x0000000010000114                isr_hardfault
                0x0000000010000116                isr_svcall
                0x0000000010000118                isr_pendsv
                0x000000001000011a                isr_systick
                0x000000001000011c                isr_irq30
                0x000000001000011c                __unhandled_user_irq
                0x000000001000011c                isr_irq49
                0x000000001000011c                isr_irq13
                0x000000001000011c                isr_irq43
                0x000000001000011c                isr_irq45
                0x000000001000011c                isr_irq27
                0x000000001000011c                isr_irq32
                0x000000001000011c                isr_irq31
                0x000000001000011c                isr_irq5
                0x000000001000011c                isr_irq11
                0x000000001000011c                isr_irq23
                0x000000001000011c                isr_irq48
                0x000000001000011c                isr_irq35
                0x000000001000011c                isr_irq18
                0x000000001000011c                isr_irq50
                0x000000001000011c                isr_irq40
                0x000000001000011c                isr_irq28
                0x000000001000011c                isr_irq19
                0x000000001000011c                isr_irq36
                0x000000001000011c                isr_irq41
                0x000000001000011c                isr_irq0
                0x000000001000011c                isr_irq6
                0x000000001000011c                isr_irq37
                0x000000001000011c                isr_irq42
                0x000000001000011c                isr_irq22
                0x000000001000011c                isr_irq17
                0x000000001000011c                isr_irq38
                0x000000001000011c                isr_irq14
                0x000000001000011c                isr_irq2
                0x000000001000011c                isr_irq10
                0x000000001000011c                isr_irq8
                0x000000001000011c                isr_irq24
                0x000000001000011c                isr_irq46
                0x000000001000011c                isr_irq1
                0x000000001000011c                isr_irq47
                0x000000001000011c                isr_irq51
                0x000000001000011c                isr_irq7
                0x000000001000011c                isr_irq21
                0x000000001000011c                isr_irq39
                0x000000001000011c                isr_irq20
                0x000000001000011c                isr_irq15
                0x000000001000011c                isr_irq25
                0x000000001000011c                isr_irq34
                0x000000001000011c                isr_irq4
                0x000000001000011c                isr_irq16
                0x000000001000011c                isr_irq44
                0x000000001000011c                isr_irq29
                0x000000001000011c                isr_irq26
                0x000000001000011c                __default_isrs_end
                0x000000001000011c                isr_irq33
                0x000000001000011c                isr_irq3
                0x000000001000011c                isr_irq12
                0x000000001000011c                isr_irq9
                0x0000000010000122                unhandled_user_irq_num_in_r0
 *(.binary_info_header)
 .binary_info_header
                0x0000000010000124       0x14 CMakeFiles/test.dir/home/aloysius/xsdk/raspberry-pi-pico-2024-11-30-SDKv2.1.0/pico-sdk/src/rp2_common/pico_crt0/crt0.S.o
                0x0000000010000138                __binary_info_header_end = .
 *(.embedded_block)
 .embedded_block
                0x0000000010000138       0x14 CMakeFiles/test.dir/home/aloysius/xsdk/raspberry-pi-pico-2024-11-30-SDKv2.1.0/pico-sdk/src/rp2_common/pico_crt0/crt0.S.o
                0x000000001000014c                __embedded_block_end = .
 *(.reset)
 .reset         0x000000001000014c       0xa0 CMakeFiles/test.dir/home/aloysius/xsdk/raspberry-pi-pico-2024-11-30-SDKv2.1.0/pico-sdk/src/rp2_common/pico_crt0/crt0.S.o
                0x000000001000014c                _entry_point
 *(.init)
 .init          0x00000000100001ec        0x4 /home/aloysius/xsdk/raspberry-pi-pico/gcc-arm-none-eabi-10.3-2021.10/bin/../lib/gcc/arm-none-eabi/10.3.1/thumb/v8-m.main+fp/softfp/crti.o
                0x00000000100001ec                _init
 *libgcc.a:cmse_nonsecure_call.o()
 *(EXCLUDE_FILE(*libm.a: *libc.a:*lib_a-mem*.o *libgcc.a:) .text*)
 .text          0x00000000100001f0       0x40 /home/aloysius/xsdk/raspberry-pi-pico/gcc-arm-none-eabi-10.3-2021.10/bin/../lib/gcc/arm-none-eabi/10.3.1/thumb/v8-m.main+fp/softfp/crtbegin.o
 .text.delayAndCheckSwitch
                0x0000000010000230       0x40 CMakeFiles/test.dir/main.c.o
 .text.core1_program
                0x0000000010000270       0x8c CMakeFiles/test.dir/main.c.o
 .text.startup.main
                0x00000000100002fc      0x104 CMakeFiles/test.dir/main.c.o
                0x00000000100002fc                main
 .text.add_program_at_offset_check
                0x0000000010000400       0x58 CMakeFiles/test.dir/home/aloysius/xsdk/raspberry-pi-pico-2024-11-30-SDKv2.1.0/pico-sdk/src/rp2_common/hardware_pio/pio.c.o
 .text.add_program_at_offset
                0x0000000010000458       0x64 CMakeFiles/test.dir/home/aloysius/xsdk/raspberry-pi-pico-2024-11-30-SDKv2.1.0/pico-sdk/src/rp2_common/hardware_pio/pio.c.o
 .text.find_offset_for_program.isra.0
                0x00000000100004bc       0x6c CMakeFiles/test.dir/home/aloysius/xsdk/raspberry-pi-pico-2024-11-30-SDKv2.1.0/pico-sdk/src/rp2_common/hardware_pio/pio.c.o
 .text.pio_add_program
                0x0000000010000528       0x34 CMakeFiles/test.dir/home/aloysius/xsdk/raspberry-pi-pico-2024-11-30-SDKv2.1.0/pico-sdk/src/rp2_common/hardware_pio/pio.c.o
                0x0000000010000528                pio_add_program
 .text.pio_sm_set_consecutive_pindirs
                0x000000001000055c       0x90 CMakeFiles/test.dir/home/aloysius/xsdk/raspberry-pi-pico-2024-11-30-SDKv2.1.0/pico-sdk/src/rp2_common/hardware_pio/pio.c.o
                0x000000001000055c                pio_sm_set_consecutive_pindirs
 .text.pio_sm_init
                0x00000000100005ec       0xa0 CMakeFiles/test.dir/home/aloysius/xsdk/raspberry-pi-pico-2024-11-30-SDKv2.1.0/pico-sdk/src/rp2_common/hardware_pio/pio.c.o
                0x00000000100005ec                pio_sm_init
 .text.panic    0x000000001000068c       0x30 CMakeFiles/test.dir/home/aloysius/xsdk/raspberry-pi-pico-2024-11-30-SDKv2.1.0/pico-sdk/src/rp2_common/pico_platform_panic/panic.c.o
                0x000000001000068c                panic
 .text.hw_claim_lock
                0x00000000100006bc       0x24 CMakeFiles/test.dir/home/aloysius/xsdk/raspberry-pi-pico-2024-11-30-SDKv2.1.0/pico-sdk/src/common/hardware_claim/claim.c.o
                0x00000000100006bc                hw_claim_lock
 .text.hw_claim_unlock
                0x00000000100006e0       0x14 CMakeFiles/test.dir/home/aloysius/xsdk/raspberry-pi-pico-2024-11-30-SDKv2.1.0/pico-sdk/src/common/hardware_claim/claim.c.o
                0x00000000100006e0                hw_claim_unlock
 .text.hw_claim_or_assert
                0x00000000100006f4       0x5c CMakeFiles/test.dir/home/aloysius/xsdk/raspberry-pi-pico-2024-11-30-SDKv2.1.0/pico-sdk/src/common/hardware_claim/claim.c.o
                0x00000000100006f4                hw_claim_or_assert
 .text.hw_claim_unused_from_range
                0x0000000010000750       0x9c CMakeFiles/test.dir/home/aloysius/xsdk/raspberry-pi-pico-2024-11-30-SDKv2.1.0/pico-sdk/src/common/hardware_claim/claim.c.o
                0x0000000010000750                hw_claim_unused_from_range
 .text.next_striped_spin_lock_num
                0x00000000100007ec       0x18 CMakeFiles/test.dir/home/aloysius/xsdk/raspberry-pi-pico-2024-11-30-SDKv2.1.0/pico-sdk/src/rp2_common/hardware_sync/sync.c.o
                0x00000000100007ec                next_striped_spin_lock_num
 .text.spin_lock_claim_unused
                0x0000000010000804       0x20 CMakeFiles/test.dir/home/aloysius/xsdk/raspberry-pi-pico-2024-11-30-SDKv2.1.0/pico-sdk/src/rp2_common/hardware_sync/sync.c.o
                0x0000000010000804                spin_lock_claim_unused
 .text.spinlock_set_extexclall
                0x0000000010000824       0x10 CMakeFiles/test.dir/home/aloysius/xsdk/raspberry-pi-pico-2024-11-30-SDKv2.1.0/pico-sdk/src/rp2_common/hardware_sync_spin_lock/sync_spin_lock.c.o
 .text.spin_locks_reset
                0x0000000010000834       0x18 CMakeFiles/test.dir/home/aloysius/xsdk/raspberry-pi-pico-2024-11-30-SDKv2.1.0/pico-sdk/src/rp2_common/hardware_sync_spin_lock/sync_spin_lock.c.o
                0x0000000010000834                spin_locks_reset
 .text.gpio_set_function
                0x000000001000084c       0x3c CMakeFiles/test.dir/home/aloysius/xsdk/raspberry-pi-pico-2024-11-30-SDKv2.1.0/pico-sdk/src/rp2_common/hardware_gpio/gpio.c.o
                0x000000001000084c                gpio_set_function
 .text.gpio_set_pulls
                0x0000000010000888       0x30 CMakeFiles/test.dir/home/aloysius/xsdk/raspberry-pi-pico-2024-11-30-SDKv2.1.0/pico-sdk/src/rp2_common/hardware_gpio/gpio.c.o
                0x0000000010000888                gpio_set_pulls
 .text.gpio_init
                0x00000000100008b8       0x44 CMakeFiles/test.dir/home/aloysius/xsdk/raspberry-pi-pico-2024-11-30-SDKv2.1.0/pico-sdk/src/rp2_common/hardware_gpio/gpio.c.o
                0x00000000100008b8                gpio_init
 .text.runtime_init_per_core_irq_priorities
                0x00000000100008fc       0x1c CMakeFiles/test.dir/home/aloysius/xsdk/raspberry-pi-pico-2024-11-30-SDKv2.1.0/pico-sdk/src/rp2_common/hardware_irq/irq.c.o
                0x00000000100008fc                runtime_init_per_core_irq_priorities
 .text.irq_set_enabled
                0x0000000010000918       0x2c CMakeFiles/test.dir/home/aloysius/xsdk/raspberry-pi-pico-2024-11-30-SDKv2.1.0/pico-sdk/src/rp2_common/hardware_irq/irq.c.o
                0x0000000010000918                irq_set_enabled
 .text.irq_is_enabled
                0x0000000010000944       0x20 CMakeFiles/test.dir/home/aloysius/xsdk/raspberry-pi-pico-2024-11-30-SDKv2.1.0/pico-sdk/src/rp2_common/hardware_irq/irq.c.o
                0x0000000010000944                irq_is_enabled
 .text.irq_set_pending
                0x0000000010000964       0x1c CMakeFiles/test.dir/home/aloysius/xsdk/raspberry-pi-pico-2024-11-30-SDKv2.1.0/pico-sdk/src/rp2_common/hardware_irq/irq.c.o
                0x0000000010000964                irq_set_pending
 .text.irq_has_shared_handler
                0x0000000010000980       0x24 CMakeFiles/test.dir/home/aloysius/xsdk/raspberry-pi-pico-2024-11-30-SDKv2.1.0/pico-sdk/src/rp2_common/hardware_irq/irq.c.o
                0x0000000010000980                irq_has_shared_handler
 .text.irq_set_exclusive_handler
                0x00000000100009a4       0x60 CMakeFiles/test.dir/home/aloysius/xsdk/raspberry-pi-pico-2024-11-30-SDKv2.1.0/pico-sdk/src/rp2_common/hardware_irq/irq.c.o
                0x00000000100009a4                irq_set_exclusive_handler
 .text.irq_add_shared_handler
                0x0000000010000a04      0x1e8 CMakeFiles/test.dir/home/aloysius/xsdk/raspberry-pi-pico-2024-11-30-SDKv2.1.0/pico-sdk/src/rp2_common/hardware_irq/irq.c.o
                0x0000000010000a04                irq_add_shared_handler
 .text.irq_add_tail_to_free_list
                0x0000000010000bec       0xa8 CMakeFiles/test.dir/home/aloysius/xsdk/raspberry-pi-pico-2024-11-30-SDKv2.1.0/pico-sdk/src/rp2_common/hardware_irq/irq.c.o
                0x0000000010000bec                irq_add_tail_to_free_list
 .text.user_irq_claim_unused
                0x0000000010000c94       0x28 CMakeFiles/test.dir/home/aloysius/xsdk/raspberry-pi-pico-2024-11-30-SDKv2.1.0/pico-sdk/src/rp2_common/hardware_irq/irq.c.o
                0x0000000010000c94                user_irq_claim_unused
 .text.lock_init
                0x0000000010000cbc        0xc CMakeFiles/test.dir/home/aloysius/xsdk/raspberry-pi-pico-2024-11-30-SDKv2.1.0/pico-sdk/src/common/pico_sync/lock_core.c.o
                0x0000000010000cbc                lock_init
 .text.runtime_init_mutex
                0x0000000010000cc8       0x54 CMakeFiles/test.dir/home/aloysius/xsdk/raspberry-pi-pico-2024-11-30-SDKv2.1.0/pico-sdk/src/common/pico_sync/mutex.c.o
                0x0000000010000cc8                runtime_init_mutex
 .text.mutex_init
                0x0000000010000d1c       0x1c CMakeFiles/test.dir/home/aloysius/xsdk/raspberry-pi-pico-2024-11-30-SDKv2.1.0/pico-sdk/src/common/pico_sync/mutex.c.o
                0x0000000010000d1c                mutex_init
 .text.critical_section_init
                0x0000000010000d38       0x1c CMakeFiles/test.dir/home/aloysius/xsdk/raspberry-pi-pico-2024-11-30-SDKv2.1.0/pico-sdk/src/common/pico_sync/critical_section.c.o
                0x0000000010000d38                critical_section_init
 .text.critical_section_init_with_lock_num
                0x0000000010000d54       0x10 CMakeFiles/test.dir/home/aloysius/xsdk/raspberry-pi-pico-2024-11-30-SDKv2.1.0/pico-sdk/src/common/pico_sync/critical_section.c.o
                0x0000000010000d54                critical_section_init_with_lock_num
 .text.sleep_until_callback
                0x0000000010000d64       0x3c CMakeFiles/test.dir/home/aloysius/xsdk/raspberry-pi-pico-2024-11-30-SDKv2.1.0/pico-sdk/src/common/pico_time/time.c.o
 .text.alarm_pool_irq_handler
                0x0000000010000da0      0x2f8 CMakeFiles/test.dir/home/aloysius/xsdk/raspberry-pi-pico-2024-11-30-SDKv2.1.0/pico-sdk/src/common/pico_time/time.c.o
 .text.runtime_init_default_alarm_pool
                0x0000000010001098       0xa0 CMakeFiles/test.dir/home/aloysius/xsdk/raspberry-pi-pico-2024-11-30-SDKv2.1.0/pico-sdk/src/common/pico_time/time.c.o
                0x0000000010001098                runtime_init_default_alarm_pool
 .text.alarm_pool_get_default
                0x0000000010001138        0x8 CMakeFiles/test.dir/home/aloysius/xsdk/raspberry-pi-pico-2024-11-30-SDKv2.1.0/pico-sdk/src/common/pico_time/time.c.o
                0x0000000010001138                alarm_pool_get_default
 .text.alarm_pool_add_alarm_at_force_in_context
                0x0000000010001140       0xc4 CMakeFiles/test.dir/home/aloysius/xsdk/raspberry-pi-pico-2024-11-30-SDKv2.1.0/pico-sdk/src/common/pico_time/time.c.o
                0x0000000010001140                alarm_pool_add_alarm_at_force_in_context
 .text.alarm_pool_add_alarm_at
                0x0000000010001204       0x40 CMakeFiles/test.dir/home/aloysius/xsdk/raspberry-pi-pico-2024-11-30-SDKv2.1.0/pico-sdk/src/common/pico_time/time.c.o
                0x0000000010001204                alarm_pool_add_alarm_at
 .text.alarm_pool_cancel_alarm
                0x0000000010001244       0x80 CMakeFiles/test.dir/home/aloysius/xsdk/raspberry-pi-pico-2024-11-30-SDKv2.1.0/pico-sdk/src/common/pico_time/time.c.o
                0x0000000010001244                alarm_pool_cancel_alarm
 .text.alarm_pool_core_num
                0x00000000100012c4        0x4 CMakeFiles/test.dir/home/aloysius/xsdk/raspberry-pi-pico-2024-11-30-SDKv2.1.0/pico-sdk/src/common/pico_time/time.c.o
                0x00000000100012c4                alarm_pool_core_num
 .text.sleep_until
                0x00000000100012c8       0xbc CMakeFiles/test.dir/home/aloysius/xsdk/raspberry-pi-pico-2024-11-30-SDKv2.1.0/pico-sdk/src/common/pico_time/time.c.o
                0x00000000100012c8                sleep_until
 .text.sleep_ms
                0x0000000010001384       0x24 CMakeFiles/test.dir/home/aloysius/xsdk/raspberry-pi-pico-2024-11-30-SDKv2.1.0/pico-sdk/src/common/pico_time/time.c.o
                0x0000000010001384                sleep_ms
 .text.best_effort_wfe_or_timeout
                0x00000000100013a8       0xbc CMakeFiles/test.dir/home/aloysius/xsdk/raspberry-pi-pico-2024-11-30-SDKv2.1.0/pico-sdk/src/common/pico_time/time.c.o
                0x00000000100013a8                best_effort_wfe_or_timeout
 .text.timer_hardware_alarm_claim
                0x0000000010001464       0x24 CMakeFiles/test.dir/home/aloysius/xsdk/raspberry-pi-pico-2024-11-30-SDKv2.1.0/pico-sdk/src/rp2_common/hardware_timer/timer.c.o
                0x0000000010001464                timer_hardware_alarm_claim
 .text.timer_time_us_64
                0x0000000010001488       0x10 CMakeFiles/test.dir/home/aloysius/xsdk/raspberry-pi-pico-2024-11-30-SDKv2.1.0/pico-sdk/src/rp2_common/hardware_timer/timer.c.o
                0x0000000010001488                timer_time_us_64
 .text.time_us_64
                0x0000000010001498       0x14 CMakeFiles/test.dir/home/aloysius/xsdk/raspberry-pi-pico-2024-11-30-SDKv2.1.0/pico-sdk/src/rp2_common/hardware_timer/timer.c.o
                0x0000000010001498                time_us_64
 .text.busy_wait_us
                0x00000000100014ac       0x4c CMakeFiles/test.dir/home/aloysius/xsdk/raspberry-pi-pico-2024-11-30-SDKv2.1.0/pico-sdk/src/rp2_common/hardware_timer/timer.c.o
                0x00000000100014ac                busy_wait_us
 .text.busy_wait_until
                0x00000000100014f8       0x24 CMakeFiles/test.dir/home/aloysius/xsdk/raspberry-pi-pico-2024-11-30-SDKv2.1.0/pico-sdk/src/rp2_common/hardware_timer/timer.c.o
                0x00000000100014f8                busy_wait_until
 .text.core1_trampoline
                0x000000001000151c        0x4 CMakeFiles/test.dir/home/aloysius/xsdk/raspberry-pi-pico-2024-11-30-SDKv2.1.0/pico-sdk/src/rp2_common/pico_multicore/multicore.c.o
 .text.core1_wrapper
                0x0000000010001520       0x10 CMakeFiles/test.dir/home/aloysius/xsdk/raspberry-pi-pico-2024-11-30-SDKv2.1.0/pico-sdk/src/rp2_common/pico_multicore/multicore.c.o
                0x0000000010001520                core1_wrapper
 .text.multicore_launch_core1_raw
                0x0000000010001530       0x88 CMakeFiles/test.dir/home/aloysius/xsdk/raspberry-pi-pico-2024-11-30-SDKv2.1.0/pico-sdk/src/rp2_common/pico_multicore/multicore.c.o
                0x0000000010001530                multicore_launch_core1_raw
 .text.multicore_launch_core1
                0x00000000100015b8       0x44 CMakeFiles/test.dir/home/aloysius/xsdk/raspberry-pi-pico-2024-11-30-SDKv2.1.0/pico-sdk/src/rp2_common/pico_multicore/multicore.c.o
                0x00000000100015b8                multicore_launch_core1
 .text.clock_configure_internal
                0x00000000100015fc       0xc8 CMakeFiles/test.dir/home/aloysius/xsdk/raspberry-pi-pico-2024-11-30-SDKv2.1.0/pico-sdk/src/rp2_common/hardware_clocks/clocks.c.o
 .text.clock_configure_undivided
                0x00000000100016c4       0x14 CMakeFiles/test.dir/home/aloysius/xsdk/raspberry-pi-pico-2024-11-30-SDKv2.1.0/pico-sdk/src/rp2_common/hardware_clocks/clocks.c.o
                0x00000000100016c4                clock_configure_undivided
 .text.clock_get_hz
                0x00000000100016d8        0xc CMakeFiles/test.dir/home/aloysius/xsdk/raspberry-pi-pico-2024-11-30-SDKv2.1.0/pico-sdk/src/rp2_common/hardware_clocks/clocks.c.o
                0x00000000100016d8                clock_get_hz
 .text.pll_init
                0x00000000100016e4       0x8c CMakeFiles/test.dir/home/aloysius/xsdk/raspberry-pi-pico-2024-11-30-SDKv2.1.0/pico-sdk/src/rp2_common/hardware_pll/pll.c.o
                0x00000000100016e4                pll_init
 .text.watchdog_reboot
                0x0000000010001770       0x9c CMakeFiles/test.dir/home/aloysius/xsdk/raspberry-pi-pico-2024-11-30-SDKv2.1.0/pico-sdk/src/rp2_common/hardware_watchdog/watchdog.c.o
                0x0000000010001770                watchdog_reboot
 .text.tick_start
                0x000000001000180c       0x18 CMakeFiles/test.dir/home/aloysius/xsdk/raspberry-pi-pico-2024-11-30-SDKv2.1.0/pico-sdk/src/rp2_common/hardware_ticks/ticks.c.o
                0x000000001000180c                tick_start
 .text.rom_reboot.constprop.0.isra.0
                0x0000000010001824       0x38 CMakeFiles/test.dir/home/aloysius/xsdk/raspberry-pi-pico-2024-11-30-SDKv2.1.0/pico-sdk/src/rp2_common/pico_bootrom/bootrom.c.o
 .text.rom_func_lookup
                0x000000001000185c       0x18 CMakeFiles/test.dir/home/aloysius/xsdk/raspberry-pi-pico-2024-11-30-SDKv2.1.0/pico-sdk/src/rp2_common/pico_bootrom/bootrom.c.o
                0x000000001000185c                rom_func_lookup
 .text.rom_reset_usb_boot
                0x0000000010001874       0x1c CMakeFiles/test.dir/home/aloysius/xsdk/raspberry-pi-pico-2024-11-30-SDKv2.1.0/pico-sdk/src/rp2_common/pico_bootrom/bootrom.c.o
                0x0000000010001874                rom_reset_usb_boot
 .text.rom_reset_usb_boot_extra
                0x0000000010001890       0x1c CMakeFiles/test.dir/home/aloysius/xsdk/raspberry-pi-pico-2024-11-30-SDKv2.1.0/pico-sdk/src/rp2_common/pico_bootrom/bootrom.c.o
                0x0000000010001890                rom_reset_usb_boot_extra
 .text.runtime_init_bootrom_locking_enable
                0x00000000100018ac       0x14 CMakeFiles/test.dir/home/aloysius/xsdk/raspberry-pi-pico-2024-11-30-SDKv2.1.0/pico-sdk/src/rp2_common/pico_bootrom/bootrom_lock.c.o
                0x00000000100018ac                runtime_init_bootrom_locking_enable
 .text.runtime_init_boot_locks_reset
                0x00000000100018c0       0x1c CMakeFiles/test.dir/home/aloysius/xsdk/raspberry-pi-pico-2024-11-30-SDKv2.1.0/pico-sdk/src/rp2_common/hardware_boot_lock/boot_lock.c.o
                0x00000000100018c0                runtime_init_boot_locks_reset
 .text.xosc_init
                0x00000000100018dc       0x2c CMakeFiles/test.dir/home/aloysius/xsdk/raspberry-pi-pico-2024-11-30-SDKv2.1.0/pico-sdk/src/rp2_common/hardware_xosc/xosc.c.o
                0x00000000100018dc                xosc_init
 .text.first_per_core_initializer
                0x0000000010001908        0x4 CMakeFiles/test.dir/home/aloysius/xsdk/raspberry-pi-pico-2024-11-30-SDKv2.1.0/pico-sdk/src/rp2_common/pico_runtime/runtime.c.o
 .text.hard_assertion_failure
                0x000000001000190c        0xc CMakeFiles/test.dir/home/aloysius/xsdk/raspberry-pi-pico-2024-11-30-SDKv2.1.0/pico-sdk/src/rp2_common/pico_runtime/runtime.c.o
                0x000000001000190c                hard_assertion_failure
 .text.runtime_run_initializers
                0x0000000010001918       0x20 CMakeFiles/test.dir/home/aloysius/xsdk/raspberry-pi-pico-2024-11-30-SDKv2.1.0/pico-sdk/src/rp2_common/pico_runtime/runtime.c.o
                0x0000000010001918                runtime_run_initializers
 .text.runtime_run_per_core_initializers
                0x0000000010001938       0x20 CMakeFiles/test.dir/home/aloysius/xsdk/raspberry-pi-pico-2024-11-30-SDKv2.1.0/pico-sdk/src/rp2_common/pico_runtime/runtime.c.o
                0x0000000010001938                runtime_run_per_core_initializers
 .text.runtime_init_early_resets
                0x0000000010001958       0x34 CMakeFiles/test.dir/home/aloysius/xsdk/raspberry-pi-pico-2024-11-30-SDKv2.1.0/pico-sdk/src/rp2_common/pico_runtime_init/runtime_init.c.o
                0x0000000010001958                runtime_init_early_resets
 .text.runtime_init_usb_power_down
                0x000000001000198c       0x1c CMakeFiles/test.dir/home/aloysius/xsdk/raspberry-pi-pico-2024-11-30-SDKv2.1.0/pico-sdk/src/rp2_common/pico_runtime_init/runtime_init.c.o
                0x000000001000198c                runtime_init_usb_power_down
 .text.runtime_init_per_core_enable_coprocessors
                0x00000000100019a8       0x1c CMakeFiles/test.dir/home/aloysius/xsdk/raspberry-pi-pico-2024-11-30-SDKv2.1.0/pico-sdk/src/rp2_common/pico_runtime_init/runtime_init.c.o
                0x00000000100019a8                runtime_init_per_core_enable_coprocessors
 .text.runtime_init_post_clock_resets
                0x00000000100019c4       0x20 CMakeFiles/test.dir/home/aloysius/xsdk/raspberry-pi-pico-2024-11-30-SDKv2.1.0/pico-sdk/src/rp2_common/pico_runtime_init/runtime_init.c.o
                0x00000000100019c4                runtime_init_post_clock_resets
 .text.runtime_init_bootrom_reset
                0x00000000100019e4       0x14 CMakeFiles/test.dir/home/aloysius/xsdk/raspberry-pi-pico-2024-11-30-SDKv2.1.0/pico-sdk/src/rp2_common/pico_runtime_init/runtime_init.c.o
                0x00000000100019e4                runtime_init_bootrom_reset
 .text.runtime_init_per_core_bootrom_reset
                0x00000000100019f8       0x14 CMakeFiles/test.dir/home/aloysius/xsdk/raspberry-pi-pico-2024-11-30-SDKv2.1.0/pico-sdk/src/rp2_common/pico_runtime_init/runtime_init.c.o
                0x00000000100019f8                runtime_init_per_core_bootrom_reset
 .text.runtime_init_spin_locks_reset
                0x0000000010001a0c        0x4 CMakeFiles/test.dir/home/aloysius/xsdk/raspberry-pi-pico-2024-11-30-SDKv2.1.0/pico-sdk/src/rp2_common/pico_runtime_init/runtime_init.c.o
                0x0000000010001a0c                runtime_init_spin_locks_reset
 .text.runtime_init_install_ram_vector_table
                0x0000000010001a10       0x20 CMakeFiles/test.dir/home/aloysius/xsdk/raspberry-pi-pico-2024-11-30-SDKv2.1.0/pico-sdk/src/rp2_common/pico_runtime_init/runtime_init.c.o
                0x0000000010001a10                runtime_init_install_ram_vector_table
 .text.runtime_init_clocks
                0x0000000010001a30       0xdc CMakeFiles/test.dir/home/aloysius/xsdk/raspberry-pi-pico-2024-11-30-SDKv2.1.0/pico-sdk/src/rp2_common/pico_runtime_init/runtime_init_clocks.c.o
                0x0000000010001a30                runtime_init_clocks
 .text._out_char
                0x0000000010001b0c        0x8 CMakeFiles/test.dir/home/aloysius/xsdk/raspberry-pi-pico-2024-11-30-SDKv2.1.0/pico-sdk/src/rp2_common/pico_printf/printf.c.o
 .text.weak_raw_vprintf
                0x0000000010001b14       0x30 CMakeFiles/test.dir/home/aloysius/xsdk/raspberry-pi-pico-2024-11-30-SDKv2.1.0/pico-sdk/src/rp2_common/pico_printf/printf.c.o
                0x0000000010001b14                weak_raw_vprintf
 .text._exit    0x0000000010001b44        0x4 CMakeFiles/test.dir/home/aloysius/xsdk/raspberry-pi-pico-2024-11-30-SDKv2.1.0/pico-sdk/src/rp2_common/pico_clib_interface/newlib_interface.c.o
                0x0000000010001b44                _exit
 .text.exit     0x0000000010001b48        0x8 CMakeFiles/test.dir/home/aloysius/xsdk/raspberry-pi-pico-2024-11-30-SDKv2.1.0/pico-sdk/src/rp2_common/pico_clib_interface/newlib_interface.c.o
                0x0000000010001b48                exit
 .text.runtime_init
                0x0000000010001b50       0x24 CMakeFiles/test.dir/home/aloysius/xsdk/raspberry-pi-pico-2024-11-30-SDKv2.1.0/pico-sdk/src/rp2_common/pico_clib_interface/newlib_interface.c.o
                0x0000000010001b50                runtime_init
 .text.stdio_out_chars_no_crlf
                0x0000000010001b74        0x8 CMakeFiles/test.dir/home/aloysius/xsdk/raspberry-pi-pico-2024-11-30-SDKv2.1.0/pico-sdk/src/rp2_common/pico_stdio/stdio.c.o
 .text.stdio_out_chars_crlf.part.0
                0x0000000010001b7c       0x98 CMakeFiles/test.dir/home/aloysius/xsdk/raspberry-pi-pico-2024-11-30-SDKv2.1.0/pico-sdk/src/rp2_common/pico_stdio/stdio.c.o
 .text.stdio_out_chars_crlf
                0x0000000010001c14       0x20 CMakeFiles/test.dir/home/aloysius/xsdk/raspberry-pi-pico-2024-11-30-SDKv2.1.0/pico-sdk/src/rp2_common/pico_stdio/stdio.c.o
 .text.stdio_put_string
                0x0000000010001c34       0xbc CMakeFiles/test.dir/home/aloysius/xsdk/raspberry-pi-pico-2024-11-30-SDKv2.1.0/pico-sdk/src/rp2_common/pico_stdio/stdio.c.o
                0x0000000010001c34                stdio_put_string
 .text.stdio_get_until
                0x0000000010001cf0       0x7c CMakeFiles/test.dir/home/aloysius/xsdk/raspberry-pi-pico-2024-11-30-SDKv2.1.0/pico-sdk/src/rp2_common/pico_stdio/stdio.c.o
                0x0000000010001cf0                stdio_get_until
 .text.stdio_set_driver_enabled
                0x0000000010001d6c       0x28 CMakeFiles/test.dir/home/aloysius/xsdk/raspberry-pi-pico-2024-11-30-SDKv2.1.0/pico-sdk/src/rp2_common/pico_stdio/stdio.c.o
                0x0000000010001d6c                stdio_set_driver_enabled
 .text.stdio_init_all
                0x0000000010001d94        0x4 CMakeFiles/test.dir/home/aloysius/xsdk/raspberry-pi-pico-2024-11-30-SDKv2.1.0/pico-sdk/src/rp2_common/pico_stdio/stdio.c.o
                0x0000000010001d94                stdio_init_all
 .text.stdio_getchar_timeout_us
                0x0000000010001d98       0x30 CMakeFiles/test.dir/home/aloysius/xsdk/raspberry-pi-pico-2024-11-30-SDKv2.1.0/pico-sdk/src/rp2_common/pico_stdio/stdio.c.o
                0x0000000010001d98                stdio_getchar_timeout_us
 .text.__wrap_putchar
                0x0000000010001dc8       0x20 CMakeFiles/test.dir/home/aloysius/xsdk/raspberry-pi-pico-2024-11-30-SDKv2.1.0/pico-sdk/src/rp2_common/pico_stdio/stdio.c.o
                0x0000000010001dc8                stdio_putchar
                0x0000000010001dc8                __wrap_putchar
 .text.__wrap_puts
                0x0000000010001de8       0x30 CMakeFiles/test.dir/home/aloysius/xsdk/raspberry-pi-pico-2024-11-30-SDKv2.1.0/pico-sdk/src/rp2_common/pico_stdio/stdio.c.o
                0x0000000010001de8                __wrap_puts
                0x0000000010001de8                stdio_puts
 .text.resetd_init
                0x0000000010001e18        0x4 CMakeFiles/test.dir/home/aloysius/xsdk/raspberry-pi-pico-2024-11-30-SDKv2.1.0/pico-sdk/src/rp2_common/pico_stdio_usb/reset_interface.c.o
 .text.resetd_reset
                0x0000000010001e1c        0xc CMakeFiles/test.dir/home/aloysius/xsdk/raspberry-pi-pico-2024-11-30-SDKv2.1.0/pico-sdk/src/rp2_common/pico_stdio_usb/reset_interface.c.o
 .text.resetd_open
                0x0000000010001e28       0x28 CMakeFiles/test.dir/home/aloysius/xsdk/raspberry-pi-pico-2024-11-30-SDKv2.1.0/pico-sdk/src/rp2_common/pico_stdio_usb/reset_interface.c.o
 .text.resetd_xfer_cb
                0x0000000010001e50        0x4 CMakeFiles/test.dir/home/aloysius/xsdk/raspberry-pi-pico-2024-11-30-SDKv2.1.0/pico-sdk/src/rp2_common/pico_stdio_usb/reset_interface.c.o
 .text.resetd_control_xfer_cb
                0x0000000010001e54       0x54 CMakeFiles/test.dir/home/aloysius/xsdk/raspberry-pi-pico-2024-11-30-SDKv2.1.0/pico-sdk/src/rp2_common/pico_stdio_usb/reset_interface.c.o
 .text.tud_descriptor_bos_cb
                0x0000000010001ea8        0x8 CMakeFiles/test.dir/home/aloysius/xsdk/raspberry-pi-pico-2024-11-30-SDKv2.1.0/pico-sdk/src/rp2_common/pico_stdio_usb/reset_interface.c.o
                0x0000000010001ea8                tud_descriptor_bos_cb
 .text.tud_vendor_control_xfer_cb
                0x0000000010001eb0       0x28 CMakeFiles/test.dir/home/aloysius/xsdk/raspberry-pi-pico-2024-11-30-SDKv2.1.0/pico-sdk/src/rp2_common/pico_stdio_usb/reset_interface.c.o
                0x0000000010001eb0                tud_vendor_control_xfer_cb
 .text.usbd_app_driver_get_cb
                0x0000000010001ed8       0x10 CMakeFiles/test.dir/home/aloysius/xsdk/raspberry-pi-pico-2024-11-30-SDKv2.1.0/pico-sdk/src/rp2_common/pico_stdio_usb/reset_interface.c.o
                0x0000000010001ed8                usbd_app_driver_get_cb
 .text.tud_cdc_line_coding_cb
                0x0000000010001ee8       0x18 CMakeFiles/test.dir/home/aloysius/xsdk/raspberry-pi-pico-2024-11-30-SDKv2.1.0/pico-sdk/src/rp2_common/pico_stdio_usb/reset_interface.c.o
                0x0000000010001ee8                tud_cdc_line_coding_cb
 .text.stdio_usb_set_chars_available_callback
                0x0000000010001f00       0x14 CMakeFiles/test.dir/home/aloysius/xsdk/raspberry-pi-pico-2024-11-30-SDKv2.1.0/pico-sdk/src/rp2_common/pico_stdio_usb/stdio_usb.c.o
                0x0000000010001f00                stdio_usb_set_chars_available_callback
 .text.usb_irq  0x0000000010001f14        0xc CMakeFiles/test.dir/home/aloysius/xsdk/raspberry-pi-pico-2024-11-30-SDKv2.1.0/pico-sdk/src/rp2_common/pico_stdio_usb/stdio_usb.c.o
 .text.stdio_usb_in_chars
                0x0000000010001f20       0x84 CMakeFiles/test.dir/home/aloysius/xsdk/raspberry-pi-pico-2024-11-30-SDKv2.1.0/pico-sdk/src/rp2_common/pico_stdio_usb/stdio_usb.c.o
                0x0000000010001f20                stdio_usb_in_chars
 .text.stdio_usb_out_flush
                0x0000000010001fa4       0x4c CMakeFiles/test.dir/home/aloysius/xsdk/raspberry-pi-pico-2024-11-30-SDKv2.1.0/pico-sdk/src/rp2_common/pico_stdio_usb/stdio_usb.c.o
 .text.stdio_usb_out_chars
                0x0000000010001ff0       0xf0 CMakeFiles/test.dir/home/aloysius/xsdk/raspberry-pi-pico-2024-11-30-SDKv2.1.0/pico-sdk/src/rp2_common/pico_stdio_usb/stdio_usb.c.o
 .text.low_priority_worker_irq
                0x00000000100020e0       0xc8 CMakeFiles/test.dir/home/aloysius/xsdk/raspberry-pi-pico-2024-11-30-SDKv2.1.0/pico-sdk/src/rp2_common/pico_stdio_usb/stdio_usb.c.o
 .text.timer_task
                0x00000000100021a8       0x78 CMakeFiles/test.dir/home/aloysius/xsdk/raspberry-pi-pico-2024-11-30-SDKv2.1.0/pico-sdk/src/rp2_common/pico_stdio_usb/stdio_usb.c.o
 .text.stdio_usb_init
                0x0000000010002220       0xd8 CMakeFiles/test.dir/home/aloysius/xsdk/raspberry-pi-pico-2024-11-30-SDKv2.1.0/pico-sdk/src/rp2_common/pico_stdio_usb/stdio_usb.c.o
                0x0000000010002220                stdio_usb_init
 .text.tud_descriptor_device_cb
                0x00000000100022f8        0x8 CMakeFiles/test.dir/home/aloysius/xsdk/raspberry-pi-pico-2024-11-30-SDKv2.1.0/pico-sdk/src/rp2_common/pico_stdio_usb/stdio_usb_descriptors.c.o
                0x00000000100022f8                tud_descriptor_device_cb
 .text.tud_descriptor_configuration_cb
                0x0000000010002300        0x8 CMakeFiles/test.dir/home/aloysius/xsdk/raspberry-pi-pico-2024-11-30-SDKv2.1.0/pico-sdk/src/rp2_common/pico_stdio_usb/stdio_usb_descriptors.c.o
                0x0000000010002300                tud_descriptor_configuration_cb
 .text.tud_descriptor_string_cb
                0x0000000010002308       0x78 CMakeFiles/test.dir/home/aloysius/xsdk/raspberry-pi-pico-2024-11-30-SDKv2.1.0/pico-sdk/src/rp2_common/pico_stdio_usb/stdio_usb_descriptors.c.o
                0x0000000010002308                tud_descriptor_string_cb
 .text.startup._retrieve_unique_id_on_boot
                0x0000000010002380       0x38 CMakeFiles/test.dir/home/aloysius/xsdk/raspberry-pi-pico-2024-11-30-SDKv2.1.0/pico-sdk/src/rp2_common/pico_unique_id/unique_id.c.o
 .text.pico_get_unique_board_id_string
                0x00000000100023b8       0x58 CMakeFiles/test.dir/home/aloysius/xsdk/raspberry-pi-pico-2024-11-30-SDKv2.1.0/pico-sdk/src/rp2_common/pico_unique_id/unique_id.c.o
                0x00000000100023b8                pico_get_unique_board_id_string
 .text.dcd_init
                0x0000000010002410       0x94 CMakeFiles/test.dir/home/aloysius/xsdk/raspberry-pi-pico-2024-11-30-SDKv2.1.0/pico-sdk/lib/tinyusb/src/portable/raspberrypi/rp2040/dcd_rp2040.c.o
                0x0000000010002410                dcd_init
 .text.dcd_int_enable
                0x00000000100024a4        0x8 CMakeFiles/test.dir/home/aloysius/xsdk/raspberry-pi-pico-2024-11-30-SDKv2.1.0/pico-sdk/lib/tinyusb/src/portable/raspberrypi/rp2040/dcd_rp2040.c.o
                0x00000000100024a4                dcd_int_enable
 .text.dcd_set_address
                0x00000000100024ac       0x10 CMakeFiles/test.dir/home/aloysius/xsdk/raspberry-pi-pico-2024-11-30-SDKv2.1.0/pico-sdk/lib/tinyusb/src/portable/raspberrypi/rp2040/dcd_rp2040.c.o
                0x00000000100024ac                dcd_set_address
 .text.dcd_sof_enable
                0x00000000100024bc       0x1c CMakeFiles/test.dir/home/aloysius/xsdk/raspberry-pi-pico-2024-11-30-SDKv2.1.0/pico-sdk/lib/tinyusb/src/portable/raspberrypi/rp2040/dcd_rp2040.c.o
                0x00000000100024bc                dcd_sof_enable
 .text.dcd_edpt0_status_complete
                0x00000000100024d8       0x1c CMakeFiles/test.dir/home/aloysius/xsdk/raspberry-pi-pico-2024-11-30-SDKv2.1.0/pico-sdk/lib/tinyusb/src/portable/raspberrypi/rp2040/dcd_rp2040.c.o
                0x00000000100024d8                dcd_edpt0_status_complete
 .text.dcd_edpt_open
                0x00000000100024f4       0xfc CMakeFiles/test.dir/home/aloysius/xsdk/raspberry-pi-pico-2024-11-30-SDKv2.1.0/pico-sdk/lib/tinyusb/src/portable/raspberrypi/rp2040/dcd_rp2040.c.o
                0x00000000100024f4                dcd_edpt_open
 .text.dcd_edpt_close_all
                0x00000000100025f0        0x4 CMakeFiles/test.dir/home/aloysius/xsdk/raspberry-pi-pico-2024-11-30-SDKv2.1.0/pico-sdk/lib/tinyusb/src/portable/raspberrypi/rp2040/dcd_rp2040.c.o
                0x00000000100025f0                dcd_edpt_close_all
 .text.dcd_edpt_xfer
                0x00000000100025f4       0x28 CMakeFiles/test.dir/home/aloysius/xsdk/raspberry-pi-pico-2024-11-30-SDKv2.1.0/pico-sdk/lib/tinyusb/src/portable/raspberrypi/rp2040/dcd_rp2040.c.o
                0x00000000100025f4                dcd_edpt_xfer
 .text.dcd_edpt_stall
                0x000000001000261c       0x30 CMakeFiles/test.dir/home/aloysius/xsdk/raspberry-pi-pico-2024-11-30-SDKv2.1.0/pico-sdk/lib/tinyusb/src/portable/raspberrypi/rp2040/dcd_rp2040.c.o
                0x000000001000261c                dcd_edpt_stall
 .text.dcd_edpt_clear_stall
                0x000000001000264c       0x2c CMakeFiles/test.dir/home/aloysius/xsdk/raspberry-pi-pico-2024-11-30-SDKv2.1.0/pico-sdk/lib/tinyusb/src/portable/raspberrypi/rp2040/dcd_rp2040.c.o
                0x000000001000264c                dcd_edpt_clear_stall
 .text.rp2040_usb_init
                0x0000000010002678       0x40 CMakeFiles/test.dir/home/aloysius/xsdk/raspberry-pi-pico-2024-11-30-SDKv2.1.0/pico-sdk/lib/tinyusb/src/portable/raspberrypi/rp2040/rp2040_usb.c.o
                0x0000000010002678                rp2040_usb_init
 .text.hw_endpoint_xfer_start
                0x00000000100026b8       0x4c CMakeFiles/test.dir/home/aloysius/xsdk/raspberry-pi-pico-2024-11-30-SDKv2.1.0/pico-sdk/lib/tinyusb/src/portable/raspberrypi/rp2040/rp2040_usb.c.o
                0x00000000100026b8                hw_endpoint_xfer_start
 .text.configuration_reset
                0x0000000010002704       0x8c CMakeFiles/test.dir/home/aloysius/xsdk/raspberry-pi-pico-2024-11-30-SDKv2.1.0/pico-sdk/lib/tinyusb/src/device/usbd.c.o
 .text.tud_event_hook_cb
                0x0000000010002790        0x4 CMakeFiles/test.dir/home/aloysius/xsdk/raspberry-pi-pico-2024-11-30-SDKv2.1.0/pico-sdk/lib/tinyusb/src/device/usbd.c.o
                0x0000000010002790                tud_event_hook_cb
 .text.tud_sof_cb
                0x0000000010002794        0x4 CMakeFiles/test.dir/home/aloysius/xsdk/raspberry-pi-pico-2024-11-30-SDKv2.1.0/pico-sdk/lib/tinyusb/src/device/usbd.c.o
                0x0000000010002794                tud_sof_cb
 .text.tud_descriptor_device_qualifier_cb
                0x0000000010002798        0x4 CMakeFiles/test.dir/home/aloysius/xsdk/raspberry-pi-pico-2024-11-30-SDKv2.1.0/pico-sdk/lib/tinyusb/src/device/usbd.c.o
                0x0000000010002798                tud_descriptor_device_qualifier_cb
 .text.tud_descriptor_other_speed_configuration_cb
                0x000000001000279c        0x4 CMakeFiles/test.dir/home/aloysius/xsdk/raspberry-pi-pico-2024-11-30-SDKv2.1.0/pico-sdk/lib/tinyusb/src/device/usbd.c.o
                0x000000001000279c                tud_descriptor_other_speed_configuration_cb
 .text.tud_mount_cb
                0x00000000100027a0        0x4 CMakeFiles/test.dir/home/aloysius/xsdk/raspberry-pi-pico-2024-11-30-SDKv2.1.0/pico-sdk/lib/tinyusb/src/device/usbd.c.o
                0x00000000100027a0                tud_mount_cb
 .text.tud_umount_cb
                0x00000000100027a4        0x4 CMakeFiles/test.dir/home/aloysius/xsdk/raspberry-pi-pico-2024-11-30-SDKv2.1.0/pico-sdk/lib/tinyusb/src/device/usbd.c.o
                0x00000000100027a4                tud_umount_cb
 .text.tud_suspend_cb
                0x00000000100027a8        0x4 CMakeFiles/test.dir/home/aloysius/xsdk/raspberry-pi-pico-2024-11-30-SDKv2.1.0/pico-sdk/lib/tinyusb/src/device/usbd.c.o
                0x00000000100027a8                tud_suspend_cb
 .text.tud_resume_cb
                0x00000000100027ac        0x4 CMakeFiles/test.dir/home/aloysius/xsdk/raspberry-pi-pico-2024-11-30-SDKv2.1.0/pico-sdk/lib/tinyusb/src/device/usbd.c.o
                0x00000000100027ac                tud_resume_cb
 .text.tud_mounted
                0x00000000100027b0       0x10 CMakeFiles/test.dir/home/aloysius/xsdk/raspberry-pi-pico-2024-11-30-SDKv2.1.0/pico-sdk/lib/tinyusb/src/device/usbd.c.o
                0x00000000100027b0                tud_mounted
 .text.tud_suspended
                0x00000000100027c0       0x10 CMakeFiles/test.dir/home/aloysius/xsdk/raspberry-pi-pico-2024-11-30-SDKv2.1.0/pico-sdk/lib/tinyusb/src/device/usbd.c.o
                0x00000000100027c0                tud_suspended
 .text.tud_init
                0x00000000100027d0       0xe8 CMakeFiles/test.dir/home/aloysius/xsdk/raspberry-pi-pico-2024-11-30-SDKv2.1.0/pico-sdk/lib/tinyusb/src/device/usbd.c.o
                0x00000000100027d0                tud_init
 .text.tud_task_ext
                0x00000000100028b8      0x7a4 CMakeFiles/test.dir/home/aloysius/xsdk/raspberry-pi-pico-2024-11-30-SDKv2.1.0/pico-sdk/lib/tinyusb/src/device/usbd.c.o
                0x00000000100028b8                tud_task_ext
 .text.usbd_edpt_open
                0x000000001000305c       0x44 CMakeFiles/test.dir/home/aloysius/xsdk/raspberry-pi-pico-2024-11-30-SDKv2.1.0/pico-sdk/lib/tinyusb/src/device/usbd.c.o
                0x000000001000305c                usbd_edpt_open
 .text.usbd_open_edpt_pair
                0x00000000100030a0       0x78 CMakeFiles/test.dir/home/aloysius/xsdk/raspberry-pi-pico-2024-11-30-SDKv2.1.0/pico-sdk/lib/tinyusb/src/device/usbd.c.o
                0x00000000100030a0                usbd_open_edpt_pair
 .text.usbd_edpt_claim
                0x0000000010003118       0x24 CMakeFiles/test.dir/home/aloysius/xsdk/raspberry-pi-pico-2024-11-30-SDKv2.1.0/pico-sdk/lib/tinyusb/src/device/usbd.c.o
                0x0000000010003118                usbd_edpt_claim
 .text.usbd_edpt_release
                0x000000001000313c       0x24 CMakeFiles/test.dir/home/aloysius/xsdk/raspberry-pi-pico-2024-11-30-SDKv2.1.0/pico-sdk/lib/tinyusb/src/device/usbd.c.o
                0x000000001000313c                usbd_edpt_release
 .text.usbd_edpt_xfer
                0x0000000010003160       0x70 CMakeFiles/test.dir/home/aloysius/xsdk/raspberry-pi-pico-2024-11-30-SDKv2.1.0/pico-sdk/lib/tinyusb/src/device/usbd.c.o
                0x0000000010003160                usbd_edpt_xfer
 .text._data_stage_xact
                0x00000000100031d0       0x74 CMakeFiles/test.dir/home/aloysius/xsdk/raspberry-pi-pico-2024-11-30-SDKv2.1.0/pico-sdk/lib/tinyusb/src/device/usbd_control.c.o
 .text.tud_control_status
                0x0000000010003244       0x34 CMakeFiles/test.dir/home/aloysius/xsdk/raspberry-pi-pico-2024-11-30-SDKv2.1.0/pico-sdk/lib/tinyusb/src/device/usbd_control.c.o
                0x0000000010003244                tud_control_status
 .text.tud_control_xfer
                0x0000000010003278       0x7c CMakeFiles/test.dir/home/aloysius/xsdk/raspberry-pi-pico-2024-11-30-SDKv2.1.0/pico-sdk/lib/tinyusb/src/device/usbd_control.c.o
                0x0000000010003278                tud_control_xfer
 .text.usbd_control_reset
                0x00000000100032f4       0x14 CMakeFiles/test.dir/home/aloysius/xsdk/raspberry-pi-pico-2024-11-30-SDKv2.1.0/pico-sdk/lib/tinyusb/src/device/usbd_control.c.o
                0x00000000100032f4                usbd_control_reset
 .text.usbd_control_set_complete_callback
                0x0000000010003308        0xc CMakeFiles/test.dir/home/aloysius/xsdk/raspberry-pi-pico-2024-11-30-SDKv2.1.0/pico-sdk/lib/tinyusb/src/device/usbd_control.c.o
                0x0000000010003308                usbd_control_set_complete_callback
 .text.usbd_control_set_request
                0x0000000010003314       0x1c CMakeFiles/test.dir/home/aloysius/xsdk/raspberry-pi-pico-2024-11-30-SDKv2.1.0/pico-sdk/lib/tinyusb/src/device/usbd_control.c.o
                0x0000000010003314                usbd_control_set_request
 .text.usbd_control_xfer_cb
                0x0000000010003330       0xcc CMakeFiles/test.dir/home/aloysius/xsdk/raspberry-pi-pico-2024-11-30-SDKv2.1.0/pico-sdk/lib/tinyusb/src/device/usbd_control.c.o
                0x0000000010003330                usbd_control_xfer_cb
 .text._prep_out_transaction.isra.0
                0x00000000100033fc       0x60 CMakeFiles/test.dir/home/aloysius/xsdk/raspberry-pi-pico-2024-11-30-SDKv2.1.0/pico-sdk/lib/tinyusb/src/class/cdc/cdc_device.c.o
 .text.tud_cdc_n_connected
                0x000000001000345c       0x2c CMakeFiles/test.dir/home/aloysius/xsdk/raspberry-pi-pico-2024-11-30-SDKv2.1.0/pico-sdk/lib/tinyusb/src/class/cdc/cdc_device.c.o
                0x000000001000345c                tud_cdc_n_connected
 .text.tud_cdc_n_available
                0x0000000010003488       0x18 CMakeFiles/test.dir/home/aloysius/xsdk/raspberry-pi-pico-2024-11-30-SDKv2.1.0/pico-sdk/lib/tinyusb/src/class/cdc/cdc_device.c.o
                0x0000000010003488                tud_cdc_n_available
 .text.tud_cdc_n_read
                0x00000000100034a0       0x3c CMakeFiles/test.dir/home/aloysius/xsdk/raspberry-pi-pico-2024-11-30-SDKv2.1.0/pico-sdk/lib/tinyusb/src/class/cdc/cdc_device.c.o
                0x00000000100034a0                tud_cdc_n_read
 .text.tud_cdc_n_write_flush
                0x00000000100034dc       0x88 CMakeFiles/test.dir/home/aloysius/xsdk/raspberry-pi-pico-2024-11-30-SDKv2.1.0/pico-sdk/lib/tinyusb/src/class/cdc/cdc_device.c.o
                0x00000000100034dc                tud_cdc_n_write_flush
 .text.tud_cdc_n_write
                0x0000000010003564       0x48 CMakeFiles/test.dir/home/aloysius/xsdk/raspberry-pi-pico-2024-11-30-SDKv2.1.0/pico-sdk/lib/tinyusb/src/class/cdc/cdc_device.c.o
                0x0000000010003564                tud_cdc_n_write
 .text.tud_cdc_n_write_available
                0x00000000100035ac       0x18 CMakeFiles/test.dir/home/aloysius/xsdk/raspberry-pi-pico-2024-11-30-SDKv2.1.0/pico-sdk/lib/tinyusb/src/class/cdc/cdc_device.c.o
                0x00000000100035ac                tud_cdc_n_write_available
 .text.cdcd_init
                0x00000000100035c4       0x78 CMakeFiles/test.dir/home/aloysius/xsdk/raspberry-pi-pico-2024-11-30-SDKv2.1.0/pico-sdk/lib/tinyusb/src/class/cdc/cdc_device.c.o
                0x00000000100035c4                cdcd_init
 .text.cdcd_deinit
                0x000000001000363c       0x20 CMakeFiles/test.dir/home/aloysius/xsdk/raspberry-pi-pico-2024-11-30-SDKv2.1.0/pico-sdk/lib/tinyusb/src/class/cdc/cdc_device.c.o
                0x000000001000363c                cdcd_deinit
 .text.cdcd_reset
                0x000000001000365c       0x4c CMakeFiles/test.dir/home/aloysius/xsdk/raspberry-pi-pico-2024-11-30-SDKv2.1.0/pico-sdk/lib/tinyusb/src/class/cdc/cdc_device.c.o
                0x000000001000365c                cdcd_reset
 .text.cdcd_open
                0x00000000100036a8       0xbc CMakeFiles/test.dir/home/aloysius/xsdk/raspberry-pi-pico-2024-11-30-SDKv2.1.0/pico-sdk/lib/tinyusb/src/class/cdc/cdc_device.c.o
                0x00000000100036a8                cdcd_open
 .text.cdcd_control_xfer_cb
                0x0000000010003764       0xcc CMakeFiles/test.dir/home/aloysius/xsdk/raspberry-pi-pico-2024-11-30-SDKv2.1.0/pico-sdk/lib/tinyusb/src/class/cdc/cdc_device.c.o
                0x0000000010003764                cdcd_control_xfer_cb
 .text.cdcd_xfer_cb
                0x0000000010003830       0xfc CMakeFiles/test.dir/home/aloysius/xsdk/raspberry-pi-pico-2024-11-30-SDKv2.1.0/pico-sdk/lib/tinyusb/src/class/cdc/cdc_device.c.o
                0x0000000010003830                cdcd_xfer_cb
 .text._prep_out_transaction
                0x000000001000392c       0x38 CMakeFiles/test.dir/home/aloysius/xsdk/raspberry-pi-pico-2024-11-30-SDKv2.1.0/pico-sdk/lib/tinyusb/src/class/vendor/vendor_device.c.o
 .text.tud_vendor_n_write_flush
                0x0000000010003964       0x88 CMakeFiles/test.dir/home/aloysius/xsdk/raspberry-pi-pico-2024-11-30-SDKv2.1.0/pico-sdk/lib/tinyusb/src/class/vendor/vendor_device.c.o
                0x0000000010003964                tud_vendor_n_write_flush
 .text.vendord_init
                0x00000000100039ec       0x60 CMakeFiles/test.dir/home/aloysius/xsdk/raspberry-pi-pico-2024-11-30-SDKv2.1.0/pico-sdk/lib/tinyusb/src/class/vendor/vendor_device.c.o
                0x00000000100039ec                vendord_init
 .text.vendord_deinit
                0x0000000010003a4c       0x20 CMakeFiles/test.dir/home/aloysius/xsdk/raspberry-pi-pico-2024-11-30-SDKv2.1.0/pico-sdk/lib/tinyusb/src/class/vendor/vendor_device.c.o
                0x0000000010003a4c                vendord_deinit
 .text.vendord_reset
                0x0000000010003a6c       0x20 CMakeFiles/test.dir/home/aloysius/xsdk/raspberry-pi-pico-2024-11-30-SDKv2.1.0/pico-sdk/lib/tinyusb/src/class/vendor/vendor_device.c.o
                0x0000000010003a6c                vendord_reset
 .text.vendord_open
                0x0000000010003a8c       0x9c CMakeFiles/test.dir/home/aloysius/xsdk/raspberry-pi-pico-2024-11-30-SDKv2.1.0/pico-sdk/lib/tinyusb/src/class/vendor/vendor_device.c.o
                0x0000000010003a8c                vendord_open
 .text.vendord_xfer_cb
                0x0000000010003b28       0x94 CMakeFiles/test.dir/home/aloysius/xsdk/raspberry-pi-pico-2024-11-30-SDKv2.1.0/pico-sdk/lib/tinyusb/src/class/vendor/vendor_device.c.o
                0x0000000010003b28                vendord_xfer_cb
 .text.tusb_init
                0x0000000010003bbc       0x1c CMakeFiles/test.dir/home/aloysius/xsdk/raspberry-pi-pico-2024-11-30-SDKv2.1.0/pico-sdk/lib/tinyusb/src/tusb.c.o
                0x0000000010003bbc                tusb_init
 .text.tu_edpt_claim
                0x0000000010003bd8       0x54 CMakeFiles/test.dir/home/aloysius/xsdk/raspberry-pi-pico-2024-11-30-SDKv2.1.0/pico-sdk/lib/tinyusb/src/tusb.c.o
                0x0000000010003bd8                tu_edpt_claim
 .text.tu_edpt_release
                0x0000000010003c2c       0x38 CMakeFiles/test.dir/home/aloysius/xsdk/raspberry-pi-pico-2024-11-30-SDKv2.1.0/pico-sdk/lib/tinyusb/src/tusb.c.o
                0x0000000010003c2c                tu_edpt_release
 .text.tu_edpt_validate
                0x0000000010003c64       0x68 CMakeFiles/test.dir/home/aloysius/xsdk/raspberry-pi-pico-2024-11-30-SDKv2.1.0/pico-sdk/lib/tinyusb/src/tusb.c.o
                0x0000000010003c64                tu_edpt_validate
 .text.tu_edpt_bind_driver
                0x0000000010003ccc       0x58 CMakeFiles/test.dir/home/aloysius/xsdk/raspberry-pi-pico-2024-11-30-SDKv2.1.0/pico-sdk/lib/tinyusb/src/tusb.c.o
                0x0000000010003ccc                tu_edpt_bind_driver
 .text._tu_fifo_peek
                0x0000000010003d24       0x54 CMakeFiles/test.dir/home/aloysius/xsdk/raspberry-pi-pico-2024-11-30-SDKv2.1.0/pico-sdk/lib/tinyusb/src/common/tusb_fifo.c.o
 .text._tu_fifo_peek_n.constprop.0
                0x0000000010003d78       0x94 CMakeFiles/test.dir/home/aloysius/xsdk/raspberry-pi-pico-2024-11-30-SDKv2.1.0/pico-sdk/lib/tinyusb/src/common/tusb_fifo.c.o
 .text.tu_fifo_config
                0x0000000010003e0c       0x64 CMakeFiles/test.dir/home/aloysius/xsdk/raspberry-pi-pico-2024-11-30-SDKv2.1.0/pico-sdk/lib/tinyusb/src/common/tusb_fifo.c.o
                0x0000000010003e0c                tu_fifo_config
 .text.tu_fifo_count
                0x0000000010003e70       0x20 CMakeFiles/test.dir/home/aloysius/xsdk/raspberry-pi-pico-2024-11-30-SDKv2.1.0/pico-sdk/lib/tinyusb/src/common/tusb_fifo.c.o
                0x0000000010003e70                tu_fifo_count
 .text.tu_fifo_empty
                0x0000000010003e90       0x14 CMakeFiles/test.dir/home/aloysius/xsdk/raspberry-pi-pico-2024-11-30-SDKv2.1.0/pico-sdk/lib/tinyusb/src/common/tusb_fifo.c.o
                0x0000000010003e90                tu_fifo_empty
 .text.tu_fifo_remaining
                0x0000000010003ea4       0x24 CMakeFiles/test.dir/home/aloysius/xsdk/raspberry-pi-pico-2024-11-30-SDKv2.1.0/pico-sdk/lib/tinyusb/src/common/tusb_fifo.c.o
                0x0000000010003ea4                tu_fifo_remaining
 .text.tu_fifo_read
                0x0000000010003ec8       0x50 CMakeFiles/test.dir/home/aloysius/xsdk/raspberry-pi-pico-2024-11-30-SDKv2.1.0/pico-sdk/lib/tinyusb/src/common/tusb_fifo.c.o
                0x0000000010003ec8                tu_fifo_read
 .text.tu_fifo_read_n
                0x0000000010003f18       0x5c CMakeFiles/test.dir/home/aloysius/xsdk/raspberry-pi-pico-2024-11-30-SDKv2.1.0/pico-sdk/lib/tinyusb/src/common/tusb_fifo.c.o
                0x0000000010003f18                tu_fifo_read_n
 .text.tu_fifo_write
                0x0000000010003f74       0x84 CMakeFiles/test.dir/home/aloysius/xsdk/raspberry-pi-pico-2024-11-30-SDKv2.1.0/pico-sdk/lib/tinyusb/src/common/tusb_fifo.c.o
                0x0000000010003f74                tu_fifo_write
 .text.tu_fifo_write_n
                0x0000000010003ff8      0x14c CMakeFiles/test.dir/home/aloysius/xsdk/raspberry-pi-pico-2024-11-30-SDKv2.1.0/pico-sdk/lib/tinyusb/src/common/tusb_fifo.c.o
                0x0000000010003ff8                tu_fifo_write_n
 .text.tu_fifo_clear
                0x0000000010004144       0x38 CMakeFiles/test.dir/home/aloysius/xsdk/raspberry-pi-pico-2024-11-30-SDKv2.1.0/pico-sdk/lib/tinyusb/src/common/tusb_fifo.c.o
                0x0000000010004144                tu_fifo_clear
 .text.tu_fifo_set_overwritable
                0x000000001000417c       0x3c CMakeFiles/test.dir/home/aloysius/xsdk/raspberry-pi-pico-2024-11-30-SDKv2.1.0/pico-sdk/lib/tinyusb/src/common/tusb_fifo.c.o
                0x000000001000417c                tu_fifo_set_overwritable
 .text          0x00000000100041b8       0xec /home/aloysius/xsdk/raspberry-pi-pico/gcc-arm-none-eabi-10.3-2021.10/bin/../lib/gcc/arm-none-eabi/10.3.1/../../../../arm-none-eabi/lib/thumb/v8-m.main+fp/softfp/libg.a(lib_a-memcpy.o)
                0x00000000100041b8                memcpy
 .text.memset   0x00000000100042a4       0xa4 /home/aloysius/xsdk/raspberry-pi-pico/gcc-arm-none-eabi-10.3-2021.10/bin/../lib/gcc/arm-none-eabi/10.3.1/../../../../arm-none-eabi/lib/thumb/v8-m.main+fp/softfp/libg.a(lib_a-memset.o)
                0x00000000100042a4                memset
 .text.strlen   0x0000000010004348       0x5c /home/aloysius/xsdk/raspberry-pi-pico/gcc-arm-none-eabi-10.3-2021.10/bin/../lib/gcc/arm-none-eabi/10.3.1/../../../../arm-none-eabi/lib/thumb/v8-m.main+fp/softfp/libg.a(lib_a-strlen-stub.o)
                0x0000000010004348                strlen
 *(.fini)
 .fini          0x00000000100043a4        0x4 /home/aloysius/xsdk/raspberry-pi-pico/gcc-arm-none-eabi-10.3-2021.10/bin/../lib/gcc/arm-none-eabi/10.3.1/thumb/v8-m.main+fp/softfp/crti.o
                0x00000000100043a4                _fini
 .fini.__stub   0x00000000100043a8       0xa0 linker stubs
 *crtbegin.o(.ctors)
 *crtbegin?.o(.ctors)
 *(EXCLUDE_FILE(*crtend.o *crtend?.o) .ctors)
 *(SORT_BY_NAME(.ctors.*))
 *(.ctors)
 *crtbegin.o(.dtors)
 *crtbegin?.o(.dtors)
 *(EXCLUDE_FILE(*crtend.o *crtend?.o) .dtors)
 *(SORT_BY_NAME(.dtors.*))
 *(.dtors)
                0x0000000010004448                . = ALIGN (0x4)
                0x0000000010004448                PROVIDE (__preinit_array_start = .)
 *(SORT_BY_NAME(.preinit_array.*))
 .preinit_array.00050
                0x0000000010004448        0x4 CMakeFiles/test.dir/home/aloysius/xsdk/raspberry-pi-pico-2024-11-30-SDKv2.1.0/pico-sdk/src/rp2_common/pico_runtime_init/runtime_init.c.o
                0x0000000010004448                __pre_init_runtime_init_bootrom_reset
 .preinit_array.00100
                0x000000001000444c        0x4 CMakeFiles/test.dir/home/aloysius/xsdk/raspberry-pi-pico-2024-11-30-SDKv2.1.0/pico-sdk/src/rp2_common/pico_runtime_init/runtime_init.c.o
                0x000000001000444c                __pre_init_runtime_init_early_resets
 .preinit_array.00101
                0x0000000010004450        0x4 CMakeFiles/test.dir/home/aloysius/xsdk/raspberry-pi-pico-2024-11-30-SDKv2.1.0/pico-sdk/src/rp2_common/pico_runtime_init/runtime_init.c.o
                0x0000000010004450                __pre_init_runtime_init_usb_power_down
 .preinit_array.00500
                0x0000000010004454        0x4 CMakeFiles/test.dir/home/aloysius/xsdk/raspberry-pi-pico-2024-11-30-SDKv2.1.0/pico-sdk/src/rp2_common/pico_runtime_init/runtime_init.c.o
                0x0000000010004454                __pre_init_runtime_init_clocks
 .preinit_array.00600
                0x0000000010004458        0x4 CMakeFiles/test.dir/home/aloysius/xsdk/raspberry-pi-pico-2024-11-30-SDKv2.1.0/pico-sdk/src/rp2_common/pico_runtime_init/runtime_init.c.o
                0x0000000010004458                __pre_init_runtime_init_post_clock_resets
 .preinit_array.01000
                0x000000001000445c        0x4 CMakeFiles/test.dir/home/aloysius/xsdk/raspberry-pi-pico-2024-11-30-SDKv2.1.0/pico-sdk/src/rp2_common/hardware_boot_lock/boot_lock.c.o
                0x000000001000445c                __pre_init_runtime_init_boot_locks_reset
 .preinit_array.01000
                0x0000000010004460        0x4 CMakeFiles/test.dir/home/aloysius/xsdk/raspberry-pi-pico-2024-11-30-SDKv2.1.0/pico-sdk/src/rp2_common/pico_runtime_init/runtime_init.c.o
                0x0000000010004460                __pre_init_runtime_init_spin_locks_reset
 .preinit_array.01010
                0x0000000010004464        0x4 CMakeFiles/test.dir/home/aloysius/xsdk/raspberry-pi-pico-2024-11-30-SDKv2.1.0/pico-sdk/src/rp2_common/pico_bootrom/bootrom_lock.c.o
                0x0000000010004464                __pre_init_runtime_init_bootrom_locking_enable
 .preinit_array.01100
                0x0000000010004468        0x4 CMakeFiles/test.dir/home/aloysius/xsdk/raspberry-pi-pico-2024-11-30-SDKv2.1.0/pico-sdk/src/common/pico_sync/mutex.c.o
                0x0000000010004468                __pre_init_runtime_init_mutex
 .preinit_array.10080
                0x000000001000446c        0x4 CMakeFiles/test.dir/home/aloysius/xsdk/raspberry-pi-pico-2024-11-30-SDKv2.1.0/pico-sdk/src/rp2_common/pico_runtime_init/runtime_init.c.o
                0x000000001000446c                __pre_init_runtime_init_install_ram_vector_table
 .preinit_array.11000
                0x0000000010004470        0x4 CMakeFiles/test.dir/home/aloysius/xsdk/raspberry-pi-pico-2024-11-30-SDKv2.1.0/pico-sdk/src/common/pico_time/time.c.o
                0x0000000010004470                __pre_init_runtime_init_default_alarm_pool
 .preinit_array.YYYYY
                0x0000000010004474        0x4 CMakeFiles/test.dir/home/aloysius/xsdk/raspberry-pi-pico-2024-11-30-SDKv2.1.0/pico-sdk/src/rp2_common/pico_runtime/runtime.c.o
                0x0000000010004474                __pre_init_first_per_core_initializer
 .preinit_array.ZZZZZ.00051
                0x0000000010004478        0x4 CMakeFiles/test.dir/home/aloysius/xsdk/raspberry-pi-pico-2024-11-30-SDKv2.1.0/pico-sdk/src/rp2_common/pico_runtime_init/runtime_init.c.o
                0x0000000010004478                __pre_init_runtime_init_per_core_bootrom_reset
 .preinit_array.ZZZZZ.00200
                0x000000001000447c        0x4 CMakeFiles/test.dir/home/aloysius/xsdk/raspberry-pi-pico-2024-11-30-SDKv2.1.0/pico-sdk/src/rp2_common/pico_runtime_init/runtime_init.c.o
                0x000000001000447c                __pre_init_runtime_init_per_core_enable_coprocessors
 .preinit_array.ZZZZZ.01000
                0x0000000010004480        0x4 CMakeFiles/test.dir/home/aloysius/xsdk/raspberry-pi-pico-2024-11-30-SDKv2.1.0/pico-sdk/src/rp2_common/hardware_sync_spin_lock/sync_spin_lock.c.o
                0x0000000010004480                __pre_init_spinlock_set_extexclall
 .preinit_array.ZZZZZ.01200
                0x0000000010004484        0x4 CMakeFiles/test.dir/home/aloysius/xsdk/raspberry-pi-pico-2024-11-30-SDKv2.1.0/pico-sdk/src/rp2_common/hardware_irq/irq.c.o
                0x0000000010004484                __pre_init_runtime_init_per_core_irq_priorities
 *(.preinit_array)
                0x0000000010004488                PROVIDE (__preinit_array_end = .)
                0x0000000010004488                . = ALIGN (0x4)
                0x0000000010004488                PROVIDE (__init_array_start = .)
 *(SORT_BY_NAME(.init_array.*))
 *(.init_array)
 .init_array    0x0000000010004488        0x4 /home/aloysius/xsdk/raspberry-pi-pico/gcc-arm-none-eabi-10.3-2021.10/bin/../lib/gcc/arm-none-eabi/10.3.1/thumb/v8-m.main+fp/softfp/crtbegin.o
 .init_array    0x000000001000448c        0x4 CMakeFiles/test.dir/home/aloysius/xsdk/raspberry-pi-pico-2024-11-30-SDKv2.1.0/pico-sdk/src/rp2_common/pico_unique_id/unique_id.c.o
                0x0000000010004490                PROVIDE (__init_array_end = .)
                0x0000000010004490                . = ALIGN (0x4)
                [!provide]                        PROVIDE (__fini_array_start = .)
 *(SORT_BY_NAME(.fini_array.*))
 *(.fini_array)
                [!provide]                        PROVIDE (__fini_array_end = .)
 *(.eh_frame*)
 .eh_frame      0x0000000010004490        0x0 /home/aloysius/xsdk/raspberry-pi-pico/gcc-arm-none-eabi-10.3-2021.10/bin/../lib/gcc/arm-none-eabi/10.3.1/thumb/v8-m.main+fp/softfp/crtbegin.o
                0x0000000010004490                . = ALIGN (0x4)

.glue_7         0x0000000010004490        0x0
 .glue_7        0x0000000010004490        0x0 linker stubs

.glue_7t        0x0000000010004490        0x0
 .glue_7t       0x0000000010004490        0x0 linker stubs

.vfp11_veneer   0x0000000010004490        0x0
 .vfp11_veneer  0x0000000010004490        0x0 linker stubs

.v4_bx          0x0000000010004490        0x0
 .v4_bx         0x0000000010004490        0x0 linker stubs

.iplt           0x0000000010004490        0x0
 .iplt          0x0000000010004490        0x0 /home/aloysius/xsdk/raspberry-pi-pico/gcc-arm-none-eabi-10.3-2021.10/bin/../lib/gcc/arm-none-eabi/10.3.1/thumb/v8-m.main+fp/softfp/crtbegin.o

.boot2          0x0000000010004490        0x0
                0x0000000010004490                __boot2_start__ = .
 *(.boot2)
                0x0000000010004490                __boot2_end__ = .
                0x0000000000000001                ASSERT (((__boot2_end__ - __boot2_start__) <= 0x100), ERROR: Pico second stage bootloader must be no more than 256 bytes in size)

.rodata         0x0000000010004490      0x3a4
 *(EXCLUDE_FILE(*libm.a: *libc.a:*lib_a-mem*.o *libgcc.a:) .rodata*)
 .rodata.main.str1.4
                0x0000000010004490       0x25 CMakeFiles/test.dir/main.c.o
 *fill*         0x00000000100044b5        0x3 
 .rodata.blink_program
                0x00000000100044b8        0x8 CMakeFiles/test.dir/main.c.o
 .rodata.blink_program_instructions
                0x00000000100044c0       0x10 CMakeFiles/test.dir/main.c.o
 .rodata.panic.str1.4
                0x00000000100044d0       0x12 CMakeFiles/test.dir/home/aloysius/xsdk/raspberry-pi-pico-2024-11-30-SDKv2.1.0/pico-sdk/src/rp2_common/pico_platform_panic/panic.c.o
 *fill*         0x00000000100044e2        0x2 
 .rodata.spin_lock_claim_unused.str1.4
                0x00000000100044e4       0x1b CMakeFiles/test.dir/home/aloysius/xsdk/raspberry-pi-pico-2024-11-30-SDKv2.1.0/pico-sdk/src/rp2_common/hardware_sync/sync.c.o
 *fill*         0x00000000100044ff        0x1 
 .rodata.user_irq_claim_unused.str1.4
                0x0000000010004500       0x1b CMakeFiles/test.dir/home/aloysius/xsdk/raspberry-pi-pico-2024-11-30-SDKv2.1.0/pico-sdk/src/rp2_common/hardware_irq/irq.c.o
 *fill*         0x000000001000451b        0x1 
 .rodata.timer_hardware_alarm_claim.str1.4
                0x000000001000451c       0x22 CMakeFiles/test.dir/home/aloysius/xsdk/raspberry-pi-pico-2024-11-30-SDKv2.1.0/pico-sdk/src/rp2_common/hardware_timer/timer.c.o
 *fill*         0x000000001000453e        0x2 
 .rodata.hard_assertion_failure.str1.4
                0x0000000010004540        0xc CMakeFiles/test.dir/home/aloysius/xsdk/raspberry-pi-pico-2024-11-30-SDKv2.1.0/pico-sdk/src/rp2_common/pico_runtime/runtime.c.o
 .rodata.str1.4
                0x000000001000454c       0x3c CMakeFiles/test.dir/home/aloysius/xsdk/raspberry-pi-pico-2024-11-30-SDKv2.1.0/pico-sdk/src/rp2_common/pico_standard_binary_info/standard_binary_info.c.o
 .rodata.__bi_26
                0x0000000010004588        0xc CMakeFiles/test.dir/home/aloysius/xsdk/raspberry-pi-pico-2024-11-30-SDKv2.1.0/pico-sdk/src/rp2_common/pico_standard_binary_info/standard_binary_info.c.o
 .rodata.__bi_34
                0x0000000010004594        0xc CMakeFiles/test.dir/home/aloysius/xsdk/raspberry-pi-pico-2024-11-30-SDKv2.1.0/pico-sdk/src/rp2_common/pico_standard_binary_info/standard_binary_info.c.o
 .rodata.__bi_42
                0x00000000100045a0        0xc CMakeFiles/test.dir/home/aloysius/xsdk/raspberry-pi-pico-2024-11-30-SDKv2.1.0/pico-sdk/src/rp2_common/pico_standard_binary_info/standard_binary_info.c.o
 .rodata.__bi_48
                0x00000000100045ac        0xc CMakeFiles/test.dir/home/aloysius/xsdk/raspberry-pi-pico-2024-11-30-SDKv2.1.0/pico-sdk/src/rp2_common/pico_standard_binary_info/standard_binary_info.c.o
 .rodata.__bi_54
                0x00000000100045b8        0xc CMakeFiles/test.dir/home/aloysius/xsdk/raspberry-pi-pico-2024-11-30-SDKv2.1.0/pico-sdk/src/rp2_common/pico_standard_binary_info/standard_binary_info.c.o
 .rodata.__bi_78
                0x00000000100045c4        0xc CMakeFiles/test.dir/home/aloysius/xsdk/raspberry-pi-pico-2024-11-30-SDKv2.1.0/pico-sdk/src/rp2_common/pico_standard_binary_info/standard_binary_info.c.o
 .rodata.__bi_84
                0x00000000100045d0        0xc CMakeFiles/test.dir/home/aloysius/xsdk/raspberry-pi-pico-2024-11-30-SDKv2.1.0/pico-sdk/src/rp2_common/pico_standard_binary_info/standard_binary_info.c.o
 .rodata.crlf_str.0
                0x00000000100045dc        0x2 CMakeFiles/test.dir/home/aloysius/xsdk/raspberry-pi-pico-2024-11-30-SDKv2.1.0/pico-sdk/src/rp2_common/pico_stdio/stdio.c.o
 *fill*         0x00000000100045de        0x2 
 .rodata._resetd_driver
                0x00000000100045e0       0x20 CMakeFiles/test.dir/home/aloysius/xsdk/raspberry-pi-pico-2024-11-30-SDKv2.1.0/pico-sdk/src/rp2_common/pico_stdio_usb/reset_interface.c.o
 .rodata.desc_bos
                0x0000000010004600       0x21 CMakeFiles/test.dir/home/aloysius/xsdk/raspberry-pi-pico-2024-11-30-SDKv2.1.0/pico-sdk/src/rp2_common/pico_stdio_usb/reset_interface.c.o
                0x0000000010004600                desc_bos
 *fill*         0x0000000010004621        0x3 
 .rodata.desc_ms_os_20
                0x0000000010004624       0xa6 CMakeFiles/test.dir/home/aloysius/xsdk/raspberry-pi-pico-2024-11-30-SDKv2.1.0/pico-sdk/src/rp2_common/pico_stdio_usb/reset_interface.c.o
 *fill*         0x00000000100046ca        0x2 
 .rodata.str1.4
                0x00000000100046cc       0x13 CMakeFiles/test.dir/home/aloysius/xsdk/raspberry-pi-pico-2024-11-30-SDKv2.1.0/pico-sdk/src/rp2_common/pico_stdio_usb/stdio_usb.c.o
 *fill*         0x00000000100046df        0x1 
 .rodata.__bi_197.0
                0x00000000100046e0        0xc CMakeFiles/test.dir/home/aloysius/xsdk/raspberry-pi-pico-2024-11-30-SDKv2.1.0/pico-sdk/src/rp2_common/pico_stdio_usb/stdio_usb.c.o
 .rodata.str1.4
                0x00000000100046ec       0x2a CMakeFiles/test.dir/home/aloysius/xsdk/raspberry-pi-pico-2024-11-30-SDKv2.1.0/pico-sdk/src/rp2_common/pico_stdio_usb/stdio_usb_descriptors.c.o
 *fill*         0x0000000010004716        0x2 
 .rodata.usbd_desc_cfg
                0x0000000010004718       0x54 CMakeFiles/test.dir/home/aloysius/xsdk/raspberry-pi-pico-2024-11-30-SDKv2.1.0/pico-sdk/src/rp2_common/pico_stdio_usb/stdio_usb_descriptors.c.o
 .rodata.usbd_desc_device
                0x000000001000476c       0x12 CMakeFiles/test.dir/home/aloysius/xsdk/raspberry-pi-pico-2024-11-30-SDKv2.1.0/pico-sdk/src/rp2_common/pico_stdio_usb/stdio_usb_descriptors.c.o
 *fill*         0x000000001000477e        0x2 
 .rodata.usbd_desc_str
                0x0000000010004780       0x18 CMakeFiles/test.dir/home/aloysius/xsdk/raspberry-pi-pico-2024-11-30-SDKv2.1.0/pico-sdk/src/rp2_common/pico_stdio_usb/stdio_usb_descriptors.c.o
 .rodata.str1.4
                0x0000000010004798       0x14 CMakeFiles/test.dir/home/aloysius/xsdk/raspberry-pi-pico-2024-11-30-SDKv2.1.0/pico-sdk/lib/tinyusb/src/portable/raspberrypi/rp2040/dcd_rp2040.c.o
 .rodata.str1.4
                0x00000000100047ac       0x48 CMakeFiles/test.dir/home/aloysius/xsdk/raspberry-pi-pico-2024-11-30-SDKv2.1.0/pico-sdk/lib/tinyusb/src/portable/raspberrypi/rp2040/rp2040_usb.c.o
 .rodata._usbd_driver
                0x00000000100047f4       0x40 CMakeFiles/test.dir/home/aloysius/xsdk/raspberry-pi-pico-2024-11-30-SDKv2.1.0/pico-sdk/lib/tinyusb/src/device/usbd.c.o
 *(.srodata*)
                0x0000000010004834                . = ALIGN (0x4)
 *(SORT_BY_ALIGNMENT(SORT_BY_NAME(.flashdata*)))
                0x0000000010004834                . = ALIGN (0x4)

.ARM.extab
 *(.ARM.extab* .gnu.linkonce.armextab.*)
                0x0000000010004834                __exidx_start = .

.ARM.exidx
 *(.ARM.exidx* .gnu.linkonce.armexidx.*)
                0x0000000010004834                __exidx_end = .
                0x0000000010004834                . = ALIGN (0x4)
                0x0000000010004834                __binary_info_start = .

.binary_info    0x0000000010004834       0x20
 *(.binary_info.keep.*)
 .binary_info.keep.__bi_ptr26
                0x0000000010004834        0x4 CMakeFiles/test.dir/home/aloysius/xsdk/raspberry-pi-pico-2024-11-30-SDKv2.1.0/pico-sdk/src/rp2_common/pico_standard_binary_info/standard_binary_info.c.o
 .binary_info.keep.__bi_ptr34
                0x0000000010004838        0x4 CMakeFiles/test.dir/home/aloysius/xsdk/raspberry-pi-pico-2024-11-30-SDKv2.1.0/pico-sdk/src/rp2_common/pico_standard_binary_info/standard_binary_info.c.o
 .binary_info.keep.__bi_ptr42
                0x000000001000483c        0x4 CMakeFiles/test.dir/home/aloysius/xsdk/raspberry-pi-pico-2024-11-30-SDKv2.1.0/pico-sdk/src/rp2_common/pico_standard_binary_info/standard_binary_info.c.o
 .binary_info.keep.__bi_ptr48
                0x0000000010004840        0x4 CMakeFiles/test.dir/home/aloysius/xsdk/raspberry-pi-pico-2024-11-30-SDKv2.1.0/pico-sdk/src/rp2_common/pico_standard_binary_info/standard_binary_info.c.o
 .binary_info.keep.__bi_ptr54
                0x0000000010004844        0x4 CMakeFiles/test.dir/home/aloysius/xsdk/raspberry-pi-pico-2024-11-30-SDKv2.1.0/pico-sdk/src/rp2_common/pico_standard_binary_info/standard_binary_info.c.o
 .binary_info.keep.__bi_ptr78
                0x0000000010004848        0x4 CMakeFiles/test.dir/home/aloysius/xsdk/raspberry-pi-pico-2024-11-30-SDKv2.1.0/pico-sdk/src/rp2_common/pico_standard_binary_info/standard_binary_info.c.o
 .binary_info.keep.__bi_ptr84
                0x000000001000484c        0x4 CMakeFiles/test.dir/home/aloysius/xsdk/raspberry-pi-pico-2024-11-30-SDKv2.1.0/pico-sdk/src/rp2_common/pico_standard_binary_info/standard_binary_info.c.o
 *(.binary_info.*)
 .binary_info.__bi_ptr197
                0x0000000010004850        0x4 CMakeFiles/test.dir/home/aloysius/xsdk/raspberry-pi-pico-2024-11-30-SDKv2.1.0/pico-sdk/src/rp2_common/pico_stdio_usb/stdio_usb.c.o
                0x0000000010004854                __binary_info_end = .
                0x0000000010004854                . = ALIGN (0x4)

.ram_vector_table
                0x0000000020000000      0x110
 *(.ram_vector_table)
 .ram_vector_table
                0x0000000020000000      0x110 CMakeFiles/test.dir/home/aloysius/xsdk/raspberry-pi-pico-2024-11-30-SDKv2.1.0/pico-sdk/src/rp2_common/pico_runtime_init/runtime_init.c.o
                0x0000000020000000                ram_vector_table

.uninitialized_data
                0x0000000020000110        0x0
                0x0000000020000110                . = ALIGN (0x4)
 *(.uninitialized_data*)

.data           0x0000000020000110      0x9a4 load address 0x0000000010004854
                0x0000000020000110                __data_start__ = .
 *(vtable)
 *(.time_critical*)
 .time_critical.mutex_try_enter
                0x0000000020000110       0x54 CMakeFiles/test.dir/home/aloysius/xsdk/raspberry-pi-pico-2024-11-30-SDKv2.1.0/pico-sdk/src/common/pico_sync/mutex.c.o
                0x0000000020000110                mutex_try_enter
 .time_critical.mutex_enter_block_until
                0x0000000020000164       0x6c CMakeFiles/test.dir/home/aloysius/xsdk/raspberry-pi-pico-2024-11-30-SDKv2.1.0/pico-sdk/src/common/pico_sync/mutex.c.o
                0x0000000020000164                mutex_enter_block_until
 .time_critical.mutex_try_enter_block_until
                0x00000000200001d0       0x6c CMakeFiles/test.dir/home/aloysius/xsdk/raspberry-pi-pico-2024-11-30-SDKv2.1.0/pico-sdk/src/common/pico_sync/mutex.c.o
                0x00000000200001d0                mutex_try_enter_block_until
 .time_critical.mutex_enter_timeout_ms
                0x000000002000023c       0x2c CMakeFiles/test.dir/home/aloysius/xsdk/raspberry-pi-pico-2024-11-30-SDKv2.1.0/pico-sdk/src/common/pico_sync/mutex.c.o
                0x000000002000023c                mutex_enter_timeout_ms
 .time_critical.mutex_exit
                0x0000000020000268       0x3c CMakeFiles/test.dir/home/aloysius/xsdk/raspberry-pi-pico-2024-11-30-SDKv2.1.0/pico-sdk/src/common/pico_sync/mutex.c.o
                0x0000000020000268                mutex_exit
 .time_critical.reset_non_control_endpoints
                0x00000000200002a4       0x3c CMakeFiles/test.dir/home/aloysius/xsdk/raspberry-pi-pico-2024-11-30-SDKv2.1.0/pico-sdk/lib/tinyusb/src/portable/raspberrypi/rp2040/dcd_rp2040.c.o
 .time_critical.hw_handle_buff_status
                0x00000000200002e0       0xa0 CMakeFiles/test.dir/home/aloysius/xsdk/raspberry-pi-pico-2024-11-30-SDKv2.1.0/pico-sdk/lib/tinyusb/src/portable/raspberrypi/rp2040/dcd_rp2040.c.o
 .time_critical.dcd_rp2040_irq
                0x0000000020000380      0x1e4 CMakeFiles/test.dir/home/aloysius/xsdk/raspberry-pi-pico-2024-11-30-SDKv2.1.0/pico-sdk/lib/tinyusb/src/portable/raspberrypi/rp2040/dcd_rp2040.c.o
 .time_critical.prepare_ep_buffer
                0x0000000020000564       0x68 CMakeFiles/test.dir/home/aloysius/xsdk/raspberry-pi-pico-2024-11-30-SDKv2.1.0/pico-sdk/lib/tinyusb/src/portable/raspberrypi/rp2040/rp2040_usb.c.o
 .time_critical.sync_ep_buffer
                0x00000000200005cc       0x54 CMakeFiles/test.dir/home/aloysius/xsdk/raspberry-pi-pico-2024-11-30-SDKv2.1.0/pico-sdk/lib/tinyusb/src/portable/raspberrypi/rp2040/rp2040_usb.c.o
 .time_critical._hw_endpoint_xfer_sync
                0x0000000020000620       0x2c CMakeFiles/test.dir/home/aloysius/xsdk/raspberry-pi-pico-2024-11-30-SDKv2.1.0/pico-sdk/lib/tinyusb/src/portable/raspberrypi/rp2040/rp2040_usb.c.o
 .time_critical.e15_is_bulkin_ep
                0x000000002000064c       0x28 CMakeFiles/test.dir/home/aloysius/xsdk/raspberry-pi-pico-2024-11-30-SDKv2.1.0/pico-sdk/lib/tinyusb/src/portable/raspberrypi/rp2040/rp2040_usb.c.o
 .time_critical.e15_is_critical_frame_period
                0x0000000020000674       0x28 CMakeFiles/test.dir/home/aloysius/xsdk/raspberry-pi-pico-2024-11-30-SDKv2.1.0/pico-sdk/lib/tinyusb/src/portable/raspberrypi/rp2040/rp2040_usb.c.o
 .time_critical.hw_endpoint_reset_transfer
                0x000000002000069c        0xc CMakeFiles/test.dir/home/aloysius/xsdk/raspberry-pi-pico-2024-11-30-SDKv2.1.0/pico-sdk/lib/tinyusb/src/portable/raspberrypi/rp2040/rp2040_usb.c.o
                0x000000002000069c                hw_endpoint_reset_transfer
 .time_critical._hw_endpoint_buffer_control_update32
                0x00000000200006a8       0x44 CMakeFiles/test.dir/home/aloysius/xsdk/raspberry-pi-pico-2024-11-30-SDKv2.1.0/pico-sdk/lib/tinyusb/src/portable/raspberrypi/rp2040/rp2040_usb.c.o
                0x00000000200006a8                _hw_endpoint_buffer_control_update32
 .time_critical.hw_endpoint_start_next_buffer
                0x00000000200006ec       0x64 CMakeFiles/test.dir/home/aloysius/xsdk/raspberry-pi-pico-2024-11-30-SDKv2.1.0/pico-sdk/lib/tinyusb/src/portable/raspberrypi/rp2040/rp2040_usb.c.o
                0x00000000200006ec                hw_endpoint_start_next_buffer
 .time_critical.hw_endpoint_xfer_continue
                0x0000000020000750       0x40 CMakeFiles/test.dir/home/aloysius/xsdk/raspberry-pi-pico-2024-11-30-SDKv2.1.0/pico-sdk/lib/tinyusb/src/portable/raspberrypi/rp2040/rp2040_usb.c.o
                0x0000000020000750                hw_endpoint_xfer_continue
 .time_critical.tinyusb
                0x0000000020000790      0x214 CMakeFiles/test.dir/home/aloysius/xsdk/raspberry-pi-pico-2024-11-30-SDKv2.1.0/pico-sdk/lib/tinyusb/src/device/usbd.c.o
                0x0000000020000790                dcd_event_handler
 *fill*         0x00000000200009a4        0x4 
 .time_critical.tinyusb.__stub
                0x00000000200009a8       0x60 linker stubs
 *(.text*)
                0x0000000020000a08                . = ALIGN (0x4)
 *(.rodata*)
                0x0000000020000a08                . = ALIGN (0x4)
 *(.data*)
 .data.fast     0x0000000020000a08        0x1 CMakeFiles/test.dir/main.c.o
 .data.striped_spin_lock_num
                0x0000000020000a09        0x1 CMakeFiles/test.dir/home/aloysius/xsdk/raspberry-pi-pico-2024-11-30-SDKv2.1.0/pico-sdk/src/rp2_common/hardware_sync/sync.c.o
 *fill*         0x0000000020000a0a        0x2 
 .data          0x0000000020000a0c       0x48 CMakeFiles/test.dir/home/aloysius/xsdk/raspberry-pi-pico-2024-11-30-SDKv2.1.0/pico-sdk/src/rp2_common/hardware_irq/irq_handler_chain.S.o
                0x0000000020000a0c                irq_handler_chain_slots
                0x0000000020000a3c                irq_handler_chain_first_slot
                0x0000000020000a46                irq_handler_chain_remove_tail
 .data.default_alarm_pool
                0x0000000020000a54       0x18 CMakeFiles/test.dir/home/aloysius/xsdk/raspberry-pi-pico-2024-11-30-SDKv2.1.0/pico-sdk/src/common/pico_time/time.c.o
 .data.stdio_usb
                0x0000000020000a6c       0x18 CMakeFiles/test.dir/home/aloysius/xsdk/raspberry-pi-pico-2024-11-30-SDKv2.1.0/pico-sdk/src/rp2_common/pico_stdio_usb/stdio_usb.c.o
                0x0000000020000a6c                stdio_usb
 .data._usbd_qdef
                0x0000000020000a84       0x1c CMakeFiles/test.dir/home/aloysius/xsdk/raspberry-pi-pico-2024-11-30-SDKv2.1.0/pico-sdk/lib/tinyusb/src/device/usbd.c.o
                0x0000000020000a84                _usbd_qdef
 .data._usbd_rhport
                0x0000000020000aa0        0x1 CMakeFiles/test.dir/home/aloysius/xsdk/raspberry-pi-pico-2024-11-30-SDKv2.1.0/pico-sdk/lib/tinyusb/src/device/usbd.c.o
 *(.sdata*)
                0x0000000020000aa4                . = ALIGN (0x4)
 *fill*         0x0000000020000aa1        0x3 
 *(.after_data.*)
                0x0000000020000aa4                . = ALIGN (0x4)
                0x0000000020000aa4                PROVIDE (__mutex_array_start = .)
 *(SORT_BY_NAME(.mutex_array.*))
 *(.mutex_array)
 .mutex_array   0x0000000020000aa4        0x8 CMakeFiles/test.dir/home/aloysius/xsdk/raspberry-pi-pico-2024-11-30-SDKv2.1.0/pico-sdk/src/rp2_common/pico_malloc/malloc.c.o
 .mutex_array   0x0000000020000aac        0x8 CMakeFiles/test.dir/home/aloysius/xsdk/raspberry-pi-pico-2024-11-30-SDKv2.1.0/pico-sdk/src/rp2_common/pico_stdio/stdio.c.o
                0x0000000020000ab4                PROVIDE (__mutex_array_end = .)
 *(.jcr)
                0x0000000020000ab4                . = ALIGN (0x4)

.igot.plt       0x0000000020000ab4        0x0 load address 0x00000000100051f8
 .igot.plt      0x0000000020000ab4        0x0 /home/aloysius/xsdk/raspberry-pi-pico/gcc-arm-none-eabi-10.3-2021.10/bin/../lib/gcc/arm-none-eabi/10.3.1/thumb/v8-m.main+fp/softfp/crtbegin.o

.tdata          0x0000000020000ab4        0x0 load address 0x00000000100051f8
                0x0000000020000ab4                . = ALIGN (0x4)
 *(.tdata .tdata.* .gnu.linkonce.td.*)
                0x0000000020000ab4                __tdata_end = .
                0x0000000020000ab4                PROVIDE (__data_end__ = .)
                0x0000000010004854                __etext = LOADADDR (.data)

.tbss           0x0000000020000ab4        0x0 load address 0x00000000100051f8
                0x0000000020000ab4                . = ALIGN (0x4)
                0x0000000020000ab4                __bss_start__ = .
                0x0000000020000ab4                __tls_base = .
 *(.tbss .tbss.* .gnu.linkonce.tb.*)
 *(.tcommon)
                0x0000000020000ab4                __tls_end = .

.bss            0x0000000020000ab8      0xda4 load address 0x00000000100051f8
                0x0000000020000ab8                . = ALIGN (0x4)
                0x0000000020000ab8                __tbss_end = .
 *(SORT_BY_ALIGNMENT(SORT_BY_NAME(.bss*)))
 .bss.default_alarm_pool_entries
                0x0000000020000ab8      0x180 CMakeFiles/test.dir/home/aloysius/xsdk/raspberry-pi-pico-2024-11-30-SDKv2.1.0/pico-sdk/src/common/pico_time/time.c.o
 .bss.last_avail_time.1
                0x0000000020000c38        0x8 CMakeFiles/test.dir/home/aloysius/xsdk/raspberry-pi-pico-2024-11-30-SDKv2.1.0/pico-sdk/src/rp2_common/pico_stdio_usb/stdio_usb.c.o
 .bss           0x0000000020000c40       0x1c /home/aloysius/xsdk/raspberry-pi-pico/gcc-arm-none-eabi-10.3-2021.10/bin/../lib/gcc/arm-none-eabi/10.3.1/thumb/v8-m.main+fp/softfp/crtbegin.o
 .bss._app_driver
                0x0000000020000c5c        0x4 CMakeFiles/test.dir/home/aloysius/xsdk/raspberry-pi-pico-2024-11-30-SDKv2.1.0/pico-sdk/lib/tinyusb/src/device/usbd.c.o
 .bss._cdcd_fifo_cfg
                0x0000000020000c60        0x1 CMakeFiles/test.dir/home/aloysius/xsdk/raspberry-pi-pico-2024-11-30-SDKv2.1.0/pico-sdk/lib/tinyusb/src/class/cdc/cdc_device.c.o
 *fill*         0x0000000020000c61        0x3 
 .bss._cdcd_itf
                0x0000000020000c64      0x2c8 CMakeFiles/test.dir/home/aloysius/xsdk/raspberry-pi-pico-2024-11-30-SDKv2.1.0/pico-sdk/lib/tinyusb/src/class/cdc/cdc_device.c.o
 .bss._ctrl_xfer
                0x0000000020000f2c       0x14 CMakeFiles/test.dir/home/aloysius/xsdk/raspberry-pi-pico-2024-11-30-SDKv2.1.0/pico-sdk/lib/tinyusb/src/device/usbd_control.c.o
 .bss._sw_spin_locks
                0x0000000020000f40       0x20 CMakeFiles/test.dir/home/aloysius/xsdk/raspberry-pi-pico-2024-11-30-SDKv2.1.0/pico-sdk/src/rp2_common/hardware_sync_spin_lock/sync_spin_lock.c.o
                0x0000000020000f40                _sw_spin_locks
 .bss._ubsd_mutexdef
                0x0000000020000f60        0x8 CMakeFiles/test.dir/home/aloysius/xsdk/raspberry-pi-pico-2024-11-30-SDKv2.1.0/pico-sdk/lib/tinyusb/src/device/usbd.c.o
 .bss._usbd_ctrl_buf
                0x0000000020000f68       0x40 CMakeFiles/test.dir/home/aloysius/xsdk/raspberry-pi-pico-2024-11-30-SDKv2.1.0/pico-sdk/lib/tinyusb/src/device/usbd_control.c.o
 .bss._usbd_dev
                0x0000000020000fa8       0x54 CMakeFiles/test.dir/home/aloysius/xsdk/raspberry-pi-pico-2024-11-30-SDKv2.1.0/pico-sdk/lib/tinyusb/src/device/usbd.c.o
 .bss._usbd_mutex
                0x0000000020000ffc        0x4 CMakeFiles/test.dir/home/aloysius/xsdk/raspberry-pi-pico-2024-11-30-SDKv2.1.0/pico-sdk/lib/tinyusb/src/device/usbd.c.o
 .bss._usbd_q   0x0000000020001000        0x4 CMakeFiles/test.dir/home/aloysius/xsdk/raspberry-pi-pico-2024-11-30-SDKv2.1.0/pico-sdk/lib/tinyusb/src/device/usbd.c.o
 .bss._usbd_qdef_buf
                0x0000000020001004       0xc0 CMakeFiles/test.dir/home/aloysius/xsdk/raspberry-pi-pico-2024-11-30-SDKv2.1.0/pico-sdk/lib/tinyusb/src/device/usbd.c.o
                0x0000000020001004                _usbd_qdef_buf
 .bss._used_instruction_space
                0x00000000200010c4        0xc CMakeFiles/test.dir/home/aloysius/xsdk/raspberry-pi-pico-2024-11-30-SDKv2.1.0/pico-sdk/src/rp2_common/hardware_pio/pio.c.o
 .bss._vendord_itf
                0x00000000200010d0      0x2bc CMakeFiles/test.dir/home/aloysius/xsdk/raspberry-pi-pico-2024-11-30-SDKv2.1.0/pico-sdk/lib/tinyusb/src/class/vendor/vendor_device.c.o
 .bss.chars_available_callback
                0x000000002000138c        0x4 CMakeFiles/test.dir/home/aloysius/xsdk/raspberry-pi-pico-2024-11-30-SDKv2.1.0/pico-sdk/src/rp2_common/pico_stdio_usb/stdio_usb.c.o
 .bss.chars_available_param
                0x0000000020001390        0x4 CMakeFiles/test.dir/home/aloysius/xsdk/raspberry-pi-pico-2024-11-30-SDKv2.1.0/pico-sdk/src/rp2_common/pico_stdio_usb/stdio_usb.c.o
 .bss.claimed   0x0000000020001394        0x4 CMakeFiles/test.dir/home/aloysius/xsdk/raspberry-pi-pico-2024-11-30-SDKv2.1.0/pico-sdk/src/rp2_common/hardware_sync/sync.c.o
 .bss.claimed   0x0000000020001398        0x2 CMakeFiles/test.dir/home/aloysius/xsdk/raspberry-pi-pico-2024-11-30-SDKv2.1.0/pico-sdk/src/rp2_common/hardware_timer/timer.c.o
 *fill*         0x000000002000139a        0x2 
 .bss.configured_freq
                0x000000002000139c       0x28 CMakeFiles/test.dir/home/aloysius/xsdk/raspberry-pi-pico-2024-11-30-SDKv2.1.0/pico-sdk/src/rp2_common/hardware_clocks/clocks.c.o
 .bss.desc_str.0
                0x00000000200013c4       0x28 CMakeFiles/test.dir/home/aloysius/xsdk/raspberry-pi-pico-2024-11-30-SDKv2.1.0/pico-sdk/src/rp2_common/pico_stdio_usb/stdio_usb_descriptors.c.o
 .bss.drivers   0x00000000200013ec        0x4 CMakeFiles/test.dir/home/aloysius/xsdk/raspberry-pi-pico-2024-11-30-SDKv2.1.0/pico-sdk/src/rp2_common/pico_stdio/stdio.c.o
 .bss.e15_last_sof
                0x00000000200013f0        0x4 CMakeFiles/test.dir/home/aloysius/xsdk/raspberry-pi-pico-2024-11-30-SDKv2.1.0/pico-sdk/lib/tinyusb/src/portable/raspberrypi/rp2040/rp2040_usb.c.o
                0x00000000200013f0                e15_last_sof
 .bss.filter    0x00000000200013f4        0x4 CMakeFiles/test.dir/home/aloysius/xsdk/raspberry-pi-pico-2024-11-30-SDKv2.1.0/pico-sdk/src/rp2_common/pico_stdio/stdio.c.o
 .bss.hw_endpoints
                0x00000000200013f8      0x400 CMakeFiles/test.dir/home/aloysius/xsdk/raspberry-pi-pico-2024-11-30-SDKv2.1.0/pico-sdk/lib/tinyusb/src/portable/raspberrypi/rp2040/dcd_rp2040.c.o
 .bss.lazy_vsnprintf
                0x00000000200017f8        0x4 CMakeFiles/test.dir/home/aloysius/xsdk/raspberry-pi-pico-2024-11-30-SDKv2.1.0/pico-sdk/src/rp2_common/pico_printf/printf.c.o
 .bss.load_value
                0x00000000200017fc        0x4 CMakeFiles/test.dir/home/aloysius/xsdk/raspberry-pi-pico-2024-11-30-SDKv2.1.0/pico-sdk/src/rp2_common/hardware_watchdog/watchdog.c.o
 .bss.next_buffer_ptr
                0x0000000020001800        0x4 CMakeFiles/test.dir/home/aloysius/xsdk/raspberry-pi-pico-2024-11-30-SDKv2.1.0/pico-sdk/lib/tinyusb/src/portable/raspberrypi/rp2040/dcd_rp2040.c.o
 .bss.one_shot_timer_crit_sec
                0x0000000020001804        0x8 CMakeFiles/test.dir/home/aloysius/xsdk/raspberry-pi-pico-2024-11-30-SDKv2.1.0/pico-sdk/src/rp2_common/pico_stdio_usb/stdio_usb.c.o
 .bss.pools     0x000000002000180c       0x20 CMakeFiles/test.dir/home/aloysius/xsdk/raspberry-pi-pico-2024-11-30-SDKv2.1.0/pico-sdk/src/common/pico_time/time.c.o
 .bss.retrieved_id
                0x000000002000182c        0x8 CMakeFiles/test.dir/home/aloysius/xsdk/raspberry-pi-pico-2024-11-30-SDKv2.1.0/pico-sdk/src/rp2_common/pico_unique_id/unique_id.c.o
 .bss.sleep_notifier
                0x0000000020001834        0x4 CMakeFiles/test.dir/home/aloysius/xsdk/raspberry-pi-pico-2024-11-30-SDKv2.1.0/pico-sdk/src/common/pico_time/time.c.o
 .bss.stdio_usb_mutex
                0x0000000020001838        0x8 CMakeFiles/test.dir/home/aloysius/xsdk/raspberry-pi-pico-2024-11-30-SDKv2.1.0/pico-sdk/src/rp2_common/pico_stdio_usb/stdio_usb.c.o
 .bss.usbd_serial_str
                0x0000000020001840       0x11 CMakeFiles/test.dir/home/aloysius/xsdk/raspberry-pi-pico-2024-11-30-SDKv2.1.0/pico-sdk/src/rp2_common/pico_stdio_usb/stdio_usb_descriptors.c.o
 .bss._app_driver_count
                0x0000000020001851        0x1 CMakeFiles/test.dir/home/aloysius/xsdk/raspberry-pi-pico-2024-11-30-SDKv2.1.0/pico-sdk/lib/tinyusb/src/device/usbd.c.o
 .bss._sof_enable
                0x0000000020001852        0x1 CMakeFiles/test.dir/home/aloysius/xsdk/raspberry-pi-pico-2024-11-30-SDKv2.1.0/pico-sdk/lib/tinyusb/src/portable/raspberrypi/rp2040/dcd_rp2040.c.o
 .bss._usbd_queued_setup
                0x0000000020001853        0x1 CMakeFiles/test.dir/home/aloysius/xsdk/raspberry-pi-pico-2024-11-30-SDKv2.1.0/pico-sdk/lib/tinyusb/src/device/usbd.c.o
 .bss.irq_handler_chain_free_slot_head
                0x0000000020001854        0x1 CMakeFiles/test.dir/home/aloysius/xsdk/raspberry-pi-pico-2024-11-30-SDKv2.1.0/pico-sdk/src/rp2_common/hardware_irq/irq.c.o
 .bss.itf_num   0x0000000020001855        0x1 CMakeFiles/test.dir/home/aloysius/xsdk/raspberry-pi-pico-2024-11-30-SDKv2.1.0/pico-sdk/src/rp2_common/pico_stdio_usb/reset_interface.c.o
 .bss.low_priority_irq_num
                0x0000000020001856        0x1 CMakeFiles/test.dir/home/aloysius/xsdk/raspberry-pi-pico-2024-11-30-SDKv2.1.0/pico-sdk/src/rp2_common/pico_stdio_usb/stdio_usb.c.o
 .bss.one_shot_timer_pending
                0x0000000020001857        0x1 CMakeFiles/test.dir/home/aloysius/xsdk/raspberry-pi-pico-2024-11-30-SDKv2.1.0/pico-sdk/src/rp2_common/pico_stdio_usb/stdio_usb.c.o
 .bss.user_irq_claimed
                0x0000000020001858        0x1 CMakeFiles/test.dir/home/aloysius/xsdk/raspberry-pi-pico-2024-11-30-SDKv2.1.0/pico-sdk/src/rp2_common/hardware_irq/irq.c.o
 *(COMMON)
                [!provide]                        PROVIDE (__global_pointer$ = (. + 0x800))
 *(.sbss*)
                0x000000002000185c                . = ALIGN (0x4)
 *fill*         0x0000000020001859        0x3 
                0x000000002000185c                __bss_end__ = .

.heap           0x000000002000185c      0x800 load address 0x00000000100051f8
                0x000000002000185c                __end__ = .
                0x000000002000185c                end = __end__
 *(.heap*)
 .heap          0x000000002000185c      0x800 CMakeFiles/test.dir/home/aloysius/xsdk/raspberry-pi-pico-2024-11-30-SDKv2.1.0/pico-sdk/src/rp2_common/pico_crt0/crt0.S.o
                0x0000000020080000                __HeapLimit = (ORIGIN (RAM) + LENGTH (RAM))

.scratch_x      0x0000000020080000        0x0 load address 0x00000000100051f8
                0x0000000020080000                __scratch_x_start__ = .
 *(.scratch_x.*)
                0x0000000020080000                . = ALIGN (0x4)
                0x0000000020080000                __scratch_x_end__ = .
                0x00000000100051f8                __scratch_x_source__ = LOADADDR (.scratch_x)

.scratch_y      0x0000000020081000        0x0 load address 0x00000000100051f8
                0x0000000020081000                __scratch_y_start__ = .
 *(.scratch_y.*)
                0x0000000020081000                . = ALIGN (0x4)
                0x0000000020081000                __scratch_y_end__ = .
                0x00000000100051f8                __scratch_y_source__ = LOADADDR (.scratch_y)

.stack1_dummy   0x0000000020080000      0x800
 *(.stack1*)
 .stack1        0x0000000020080000      0x800 CMakeFiles/test.dir/home/aloysius/xsdk/raspberry-pi-pico-2024-11-30-SDKv2.1.0/pico-sdk/src/rp2_common/pico_multicore/multicore.c.o

.stack_dummy    0x0000000020081000      0x800
 *(.stack*)
 .stack         0x0000000020081000      0x800 CMakeFiles/test.dir/home/aloysius/xsdk/raspberry-pi-pico-2024-11-30-SDKv2.1.0/pico-sdk/src/rp2_common/pico_crt0/crt0.S.o

.flash_end      0x00000000100051f8       0x14
 *(.embedded_end_block*)
 .embedded_end_block
                0x00000000100051f8       0x14 CMakeFiles/test.dir/home/aloysius/xsdk/raspberry-pi-pico-2024-11-30-SDKv2.1.0/pico-sdk/src/rp2_common/pico_crt0/crt0.S.o
                0x000000001000520c                PROVIDE (__flash_binary_end = .)
                0x0000000020080000                __StackLimit = (ORIGIN (RAM) + LENGTH (RAM))
                0x0000000020081000                __StackOneTop = (ORIGIN (SCRATCH_X) + LENGTH (SCRATCH_X))
                0x0000000020082000                __StackTop = (ORIGIN (SCRATCH_Y) + LENGTH (SCRATCH_Y))
                0x0000000020080800                __StackOneBottom = (__StackOneTop - SIZEOF (.stack1_dummy))
                0x0000000020081800                __StackBottom = (__StackTop - SIZEOF (.stack_dummy))
                0x0000000020082000                PROVIDE (__stack = __StackTop)
                [!provide]                        PROVIDE (__heap_start = __end__)
                [!provide]                        PROVIDE (__heap_end = __HeapLimit)
                [!provide]                        PROVIDE (__tls_align = MAX (ALIGNOF (.tdata), ALIGNOF (.tbss)))